Command line invocation:
    /Applications/Xcode.app/Contents/Developer/usr/bin/xcodebuild -project Spoiled.xcodeproj -scheme Spoiled -destination "platform=iOS Simulator,name=iPhone 17" build

Resolve Package Graph


Resolved source packages:
  GoogleAppMeasurement: https://github.com/google/GoogleAppMeasurement.git @ 12.3.0
  GoogleUtilities: https://github.com/google/GoogleUtilities.git @ 8.1.0
  Promises: https://github.com/google/promises.git @ 2.4.0
  AppCheck: https://github.com/google/app-check.git @ 11.2.0
  AppAuth: https://github.com/openid/AppAuth-iOS.git @ 2.0.0
  leveldb: https://github.com/firebase/leveldb.git @ 1.22.5
  GTMAppAuth: https://github.com/google/GTMAppAuth.git @ 5.0.0
  GoogleAdsOnDeviceConversion: https://github.com/googleads/google-ads-on-device-conversion-ios-sdk @ 3.0.0
  GTMSessionFetcher: https://github.com/google/gtm-session-fetcher.git @ 3.5.0
  GoogleDataTransport: https://github.com/google/GoogleDataTransport.git @ 10.1.0
  Firebase: https://github.com/firebase/firebase-ios-sdk.git @ 12.3.0
  gRPC: https://github.com/google/grpc-binary.git @ 1.69.1
  SwiftProtobuf: https://github.com/apple/swift-protobuf.git @ 1.31.1
  nanopb: https://github.com/firebase/nanopb.git @ 2.30910.0
  abseil: https://github.com/google/abseil-cpp-binary.git @ 1.2024072200.0
  InteropForGoogle: https://github.com/google/interop-ios-for-google-sdks.git @ 101.0.0
  GoogleSignIn: https://github.com/google/GoogleSignIn-iOS @ 9.0.0

ComputePackagePrebuildTargetDependencyGraph

Prepare packages

CreateBuildRequest

SendProjectDescription

CreateBuildOperation

ComputeTargetDependencyGraph
note: Building targets in dependency order
note: Target dependency graph (89 targets)
    Target 'Spoiled' in project 'Spoiled'
        ➜ Explicit dependency on target 'GoogleSignInSwift' in project 'GoogleSignIn'
        ➜ Explicit dependency on target 'FirebaseCrashlytics' in project 'Firebase'
        ➜ Explicit dependency on target 'GoogleSignIn' in project 'GoogleSignIn'
        ➜ Explicit dependency on target 'FirebaseAnalytics' in project 'Firebase'
        ➜ Explicit dependency on target 'FirebaseAuth' in project 'Firebase'
    Target 'FirebaseAuth' in project 'Firebase'
        ➜ Explicit dependency on target 'FirebaseAuth' in project 'Firebase'
        ➜ Explicit dependency on target 'Firebase_FirebaseAuth' in project 'Firebase'
        ➜ Explicit dependency on target 'FirebaseAppCheckInterop' in project 'Firebase'
        ➜ Explicit dependency on target 'FirebaseAuthInterop' in project 'Firebase'
        ➜ Explicit dependency on target 'FirebaseAuthInternal' in project 'Firebase'
        ➜ Explicit dependency on target 'Firebase' in project 'Firebase'
        ➜ Explicit dependency on target 'FirebaseCoreInternal' in project 'Firebase'
        ➜ Explicit dependency on target 'FirebaseCore' in project 'Firebase'
        ➜ Explicit dependency on target 'FirebaseCoreExtension' in project 'Firebase'
        ➜ Explicit dependency on target 'RecaptchaInterop' in project 'InteropForGoogle'
        ➜ Explicit dependency on target 'GULNSData' in project 'GoogleUtilities'
        ➜ Explicit dependency on target 'GULEnvironment' in project 'GoogleUtilities'
        ➜ Explicit dependency on target 'GULLogger' in project 'GoogleUtilities'
        ➜ Explicit dependency on target 'GULAppDelegateSwizzler' in project 'GoogleUtilities'
        ➜ Explicit dependency on target 'GTMSessionFetcherCore' in project 'GTMSessionFetcher'
    Target 'FirebaseAuth' in project 'Firebase'
        ➜ Explicit dependency on target 'Firebase_FirebaseAuth' in project 'Firebase'
        ➜ Explicit dependency on target 'FirebaseAppCheckInterop' in project 'Firebase'
        ➜ Explicit dependency on target 'FirebaseAuthInterop' in project 'Firebase'
        ➜ Explicit dependency on target 'FirebaseAuthInternal' in project 'Firebase'
        ➜ Explicit dependency on target 'Firebase' in project 'Firebase'
        ➜ Explicit dependency on target 'FirebaseCoreInternal' in project 'Firebase'
        ➜ Explicit dependency on target 'FirebaseCore' in project 'Firebase'
        ➜ Explicit dependency on target 'FirebaseCoreExtension' in project 'Firebase'
        ➜ Explicit dependency on target 'RecaptchaInterop' in project 'InteropForGoogle'
        ➜ Explicit dependency on target 'GULNSData' in project 'GoogleUtilities'
        ➜ Explicit dependency on target 'GULEnvironment' in project 'GoogleUtilities'
        ➜ Explicit dependency on target 'GULLogger' in project 'GoogleUtilities'
        ➜ Explicit dependency on target 'GULAppDelegateSwizzler' in project 'GoogleUtilities'
        ➜ Explicit dependency on target 'GTMSessionFetcherCore' in project 'GTMSessionFetcher'
    Target 'FirebaseAuthInternal' in project 'Firebase'
        ➜ Explicit dependency on target 'RecaptchaInterop' in project 'InteropForGoogle'
    Target 'RecaptchaInterop' in project 'InteropForGoogle'
        ➜ Explicit dependency on target 'RecaptchaInterop' in project 'InteropForGoogle'
    Target 'RecaptchaInterop' in project 'InteropForGoogle' (no dependencies)
    Target 'FirebaseAuthInterop' in project 'Firebase' (no dependencies)
    Target 'FirebaseAppCheckInterop' in project 'Firebase' (no dependencies)
    Target 'Firebase_FirebaseAuth' in project 'Firebase' (no dependencies)
    Target 'FirebaseAnalytics' in project 'Firebase'
        ➜ Explicit dependency on target 'FirebaseAnalyticsTarget' in project 'Firebase'
        ➜ Explicit dependency on target 'Firebase' in project 'Firebase'
        ➜ Explicit dependency on target 'FirebaseCoreInternal' in project 'Firebase'
        ➜ Explicit dependency on target 'FirebaseCore' in project 'Firebase'
        ➜ Explicit dependency on target 'FirebaseInstallations' in project 'Firebase'
        ➜ Explicit dependency on target 'FirebaseAnalyticsWrapper' in project 'Firebase'
        ➜ Explicit dependency on target 'GULNSData' in project 'GoogleUtilities'
        ➜ Explicit dependency on target 'GULEnvironment' in project 'GoogleUtilities'
        ➜ Explicit dependency on target 'GULLogger' in project 'GoogleUtilities'
        ➜ Explicit dependency on target 'FBLPromises' in project 'Promises'
        ➜ Explicit dependency on target 'GULUserDefaults' in project 'GoogleUtilities'
        ➜ Explicit dependency on target 'GoogleAppMeasurement' in project 'GoogleAppMeasurement'
        ➜ Explicit dependency on target 'GULAppDelegateSwizzler' in project 'GoogleUtilities'
        ➜ Explicit dependency on target 'GULMethodSwizzler' in project 'GoogleUtilities'
        ➜ Explicit dependency on target 'GULNetwork' in project 'GoogleUtilities'
        ➜ Explicit dependency on target 'nanopb' in project 'nanopb'
    Target 'FirebaseAnalyticsTarget' in project 'Firebase'
        ➜ Explicit dependency on target 'Firebase' in project 'Firebase'
        ➜ Explicit dependency on target 'FirebaseCoreInternal' in project 'Firebase'
        ➜ Explicit dependency on target 'FirebaseCore' in project 'Firebase'
        ➜ Explicit dependency on target 'FirebaseInstallations' in project 'Firebase'
        ➜ Explicit dependency on target 'FirebaseAnalyticsWrapper' in project 'Firebase'
        ➜ Explicit dependency on target 'GULNSData' in project 'GoogleUtilities'
        ➜ Explicit dependency on target 'GULEnvironment' in project 'GoogleUtilities'
        ➜ Explicit dependency on target 'GULLogger' in project 'GoogleUtilities'
        ➜ Explicit dependency on target 'FBLPromises' in project 'Promises'
        ➜ Explicit dependency on target 'GULUserDefaults' in project 'GoogleUtilities'
        ➜ Explicit dependency on target 'GoogleAppMeasurement' in project 'GoogleAppMeasurement'
        ➜ Explicit dependency on target 'GULAppDelegateSwizzler' in project 'GoogleUtilities'
        ➜ Explicit dependency on target 'GULMethodSwizzler' in project 'GoogleUtilities'
        ➜ Explicit dependency on target 'GULNetwork' in project 'GoogleUtilities'
        ➜ Explicit dependency on target 'nanopb' in project 'nanopb'
    Target 'FirebaseAnalyticsWrapper' in project 'Firebase'
        ➜ Explicit dependency on target 'Firebase' in project 'Firebase'
        ➜ Explicit dependency on target 'FirebaseCoreInternal' in project 'Firebase'
        ➜ Explicit dependency on target 'FirebaseCore' in project 'Firebase'
        ➜ Explicit dependency on target 'FirebaseInstallations' in project 'Firebase'
        ➜ Explicit dependency on target 'GULNSData' in project 'GoogleUtilities'
        ➜ Explicit dependency on target 'GULEnvironment' in project 'GoogleUtilities'
        ➜ Explicit dependency on target 'GULLogger' in project 'GoogleUtilities'
        ➜ Explicit dependency on target 'FBLPromises' in project 'Promises'
        ➜ Explicit dependency on target 'GULUserDefaults' in project 'GoogleUtilities'
        ➜ Explicit dependency on target 'GoogleAppMeasurement' in project 'GoogleAppMeasurement'
        ➜ Explicit dependency on target 'GULAppDelegateSwizzler' in project 'GoogleUtilities'
        ➜ Explicit dependency on target 'GULMethodSwizzler' in project 'GoogleUtilities'
        ➜ Explicit dependency on target 'GULNetwork' in project 'GoogleUtilities'
        ➜ Explicit dependency on target 'nanopb' in project 'nanopb'
    Target 'GoogleAppMeasurement' in project 'GoogleAppMeasurement'
        ➜ Explicit dependency on target 'GoogleAppMeasurementTarget' in project 'GoogleAppMeasurement'
        ➜ Explicit dependency on target 'GULAppDelegateSwizzler' in project 'GoogleUtilities'
        ➜ Explicit dependency on target 'GULMethodSwizzler' in project 'GoogleUtilities'
        ➜ Explicit dependency on target 'GULNSData' in project 'GoogleUtilities'
        ➜ Explicit dependency on target 'GULNetwork' in project 'GoogleUtilities'
        ➜ Explicit dependency on target 'GULLogger' in project 'GoogleUtilities'
        ➜ Explicit dependency on target 'GULEnvironment' in project 'GoogleUtilities'
        ➜ Explicit dependency on target 'nanopb' in project 'nanopb'
        ➜ Explicit dependency on target 'GoogleAdsOnDeviceConversion' in project 'GoogleAdsOnDeviceConversion'
    Target 'GoogleAppMeasurementTarget' in project 'GoogleAppMeasurement'
        ➜ Explicit dependency on target 'GULAppDelegateSwizzler' in project 'GoogleUtilities'
        ➜ Explicit dependency on target 'GULMethodSwizzler' in project 'GoogleUtilities'
        ➜ Explicit dependency on target 'GULNSData' in project 'GoogleUtilities'
        ➜ Explicit dependency on target 'GULNetwork' in project 'GoogleUtilities'
        ➜ Explicit dependency on target 'GULLogger' in project 'GoogleUtilities'
        ➜ Explicit dependency on target 'GULEnvironment' in project 'GoogleUtilities'
        ➜ Explicit dependency on target 'nanopb' in project 'nanopb'
        ➜ Explicit dependency on target 'GoogleAdsOnDeviceConversion' in project 'GoogleAdsOnDeviceConversion'
    Target 'GoogleAdsOnDeviceConversion' in project 'GoogleAdsOnDeviceConversion'
        ➜ Explicit dependency on target 'GoogleAdsOnDeviceConversionTarget' in project 'GoogleAdsOnDeviceConversion'
        ➜ Explicit dependency on target 'GULEnvironment' in project 'GoogleUtilities'
        ➜ Explicit dependency on target 'GULLogger' in project 'GoogleUtilities'
        ➜ Explicit dependency on target 'GULNetwork' in project 'GoogleUtilities'
        ➜ Explicit dependency on target 'nanopb' in project 'nanopb'
    Target 'GoogleAdsOnDeviceConversionTarget' in project 'GoogleAdsOnDeviceConversion'
        ➜ Explicit dependency on target 'GULEnvironment' in project 'GoogleUtilities'
        ➜ Explicit dependency on target 'GULLogger' in project 'GoogleUtilities'
        ➜ Explicit dependency on target 'GULNetwork' in project 'GoogleUtilities'
        ➜ Explicit dependency on target 'nanopb' in project 'nanopb'
    Target 'GULNetwork' in project 'GoogleUtilities'
        ➜ Explicit dependency on target 'GoogleUtilities-Network' in project 'GoogleUtilities'
        ➜ Explicit dependency on target 'GoogleUtilities_GoogleUtilities-Network' in project 'GoogleUtilities'
        ➜ Explicit dependency on target 'third-party-IsAppEncrypted' in project 'GoogleUtilities'
        ➜ Explicit dependency on target 'GoogleUtilities-Environment' in project 'GoogleUtilities'
        ➜ Explicit dependency on target 'GoogleUtilities-Logger' in project 'GoogleUtilities'
        ➜ Explicit dependency on target 'GoogleUtilities-NSData' in project 'GoogleUtilities'
        ➜ Explicit dependency on target 'GoogleUtilities-Reachability' in project 'GoogleUtilities'
    Target 'GULMethodSwizzler' in project 'GoogleUtilities'
        ➜ Explicit dependency on target 'GoogleUtilities-MethodSwizzler' in project 'GoogleUtilities'
        ➜ Explicit dependency on target 'GoogleUtilities_GoogleUtilities-MethodSwizzler' in project 'GoogleUtilities'
        ➜ Explicit dependency on target 'third-party-IsAppEncrypted' in project 'GoogleUtilities'
        ➜ Explicit dependency on target 'GoogleUtilities-Environment' in project 'GoogleUtilities'
        ➜ Explicit dependency on target 'GoogleUtilities-Logger' in project 'GoogleUtilities'
    Target 'GoogleUtilities-MethodSwizzler' in project 'GoogleUtilities'
        ➜ Explicit dependency on target 'GoogleUtilities_GoogleUtilities-MethodSwizzler' in project 'GoogleUtilities'
        ➜ Explicit dependency on target 'third-party-IsAppEncrypted' in project 'GoogleUtilities'
        ➜ Explicit dependency on target 'GoogleUtilities-Environment' in project 'GoogleUtilities'
        ➜ Explicit dependency on target 'GoogleUtilities-Logger' in project 'GoogleUtilities'
    Target 'GoogleUtilities_GoogleUtilities-MethodSwizzler' in project 'GoogleUtilities' (no dependencies)
    Target 'GULAppDelegateSwizzler' in project 'GoogleUtilities'
        ➜ Explicit dependency on target 'GoogleUtilities-AppDelegateSwizzler' in project 'GoogleUtilities'
        ➜ Explicit dependency on target 'GoogleUtilities_GoogleUtilities-AppDelegateSwizzler' in project 'GoogleUtilities'
        ➜ Explicit dependency on target 'third-party-IsAppEncrypted' in project 'GoogleUtilities'
        ➜ Explicit dependency on target 'GoogleUtilities-Environment' in project 'GoogleUtilities'
        ➜ Explicit dependency on target 'GoogleUtilities-Logger' in project 'GoogleUtilities'
        ➜ Explicit dependency on target 'GoogleUtilities-NSData' in project 'GoogleUtilities'
        ➜ Explicit dependency on target 'GoogleUtilities-Reachability' in project 'GoogleUtilities'
        ➜ Explicit dependency on target 'GoogleUtilities-Network' in project 'GoogleUtilities'
    Target 'GoogleUtilities-AppDelegateSwizzler' in project 'GoogleUtilities'
        ➜ Explicit dependency on target 'GoogleUtilities_GoogleUtilities-AppDelegateSwizzler' in project 'GoogleUtilities'
        ➜ Explicit dependency on target 'third-party-IsAppEncrypted' in project 'GoogleUtilities'
        ➜ Explicit dependency on target 'GoogleUtilities-Environment' in project 'GoogleUtilities'
        ➜ Explicit dependency on target 'GoogleUtilities-Logger' in project 'GoogleUtilities'
        ➜ Explicit dependency on target 'GoogleUtilities-NSData' in project 'GoogleUtilities'
        ➜ Explicit dependency on target 'GoogleUtilities-Reachability' in project 'GoogleUtilities'
        ➜ Explicit dependency on target 'GoogleUtilities-Network' in project 'GoogleUtilities'
    Target 'GoogleUtilities-Network' in project 'GoogleUtilities'
        ➜ Explicit dependency on target 'GoogleUtilities_GoogleUtilities-Network' in project 'GoogleUtilities'
        ➜ Explicit dependency on target 'third-party-IsAppEncrypted' in project 'GoogleUtilities'
        ➜ Explicit dependency on target 'GoogleUtilities-Environment' in project 'GoogleUtilities'
        ➜ Explicit dependency on target 'GoogleUtilities-Logger' in project 'GoogleUtilities'
        ➜ Explicit dependency on target 'GoogleUtilities-NSData' in project 'GoogleUtilities'
        ➜ Explicit dependency on target 'GoogleUtilities-Reachability' in project 'GoogleUtilities'
    Target 'GoogleUtilities_GoogleUtilities-Network' in project 'GoogleUtilities' (no dependencies)
    Target 'GoogleUtilities-Reachability' in project 'GoogleUtilities'
        ➜ Explicit dependency on target 'GoogleUtilities_GoogleUtilities-Reachability' in project 'GoogleUtilities'
        ➜ Explicit dependency on target 'third-party-IsAppEncrypted' in project 'GoogleUtilities'
        ➜ Explicit dependency on target 'GoogleUtilities-Environment' in project 'GoogleUtilities'
        ➜ Explicit dependency on target 'GoogleUtilities-Logger' in project 'GoogleUtilities'
    Target 'GoogleUtilities_GoogleUtilities-Reachability' in project 'GoogleUtilities' (no dependencies)
    Target 'GoogleUtilities_GoogleUtilities-AppDelegateSwizzler' in project 'GoogleUtilities' (no dependencies)
    Target 'GoogleSignIn' in project 'GoogleSignIn'
        ➜ Explicit dependency on target 'GoogleSignIn' in project 'GoogleSignIn'
        ➜ Explicit dependency on target 'GoogleSignIn_GoogleSignIn' in project 'GoogleSignIn'
        ➜ Explicit dependency on target 'AppAuth' in project 'AppAuth'
        ➜ Explicit dependency on target 'AppAuthCore' in project 'AppAuth'
        ➜ Explicit dependency on target 'AppCheckCore' in project 'AppCheck'
        ➜ Explicit dependency on target 'GTMAppAuth' in project 'GTMAppAuth'
        ➜ Explicit dependency on target 'GTMSessionFetcherCore' in project 'GTMSessionFetcher'
    Target 'FirebaseCrashlytics' in project 'Firebase'
        ➜ Explicit dependency on target 'FirebaseCrashlytics' in project 'Firebase'
        ➜ Explicit dependency on target 'Firebase_FirebaseCrashlytics' in project 'Firebase'
        ➜ Explicit dependency on target 'Firebase' in project 'Firebase'
        ➜ Explicit dependency on target 'FirebaseCoreInternal' in project 'Firebase'
        ➜ Explicit dependency on target 'FirebaseCore' in project 'Firebase'
        ➜ Explicit dependency on target 'FirebaseInstallations' in project 'Firebase'
        ➜ Explicit dependency on target 'FirebaseCoreExtension' in project 'Firebase'
        ➜ Explicit dependency on target 'FirebaseSessionsObjC' in project 'Firebase'
        ➜ Explicit dependency on target 'FirebaseSessions' in project 'Firebase'
        ➜ Explicit dependency on target 'FirebaseRemoteConfigInterop' in project 'Firebase'
        ➜ Explicit dependency on target 'FirebaseCrashlyticsSwift' in project 'Firebase'
        ➜ Explicit dependency on target 'GULNSData' in project 'GoogleUtilities'
        ➜ Explicit dependency on target 'GULEnvironment' in project 'GoogleUtilities'
        ➜ Explicit dependency on target 'GULLogger' in project 'GoogleUtilities'
        ➜ Explicit dependency on target 'FBLPromises' in project 'Promises'
        ➜ Explicit dependency on target 'GULUserDefaults' in project 'GoogleUtilities'
        ➜ Explicit dependency on target 'nanopb' in project 'nanopb'
        ➜ Explicit dependency on target 'Promises' in project 'Promises'
        ➜ Explicit dependency on target 'GoogleDataTransport' in project 'GoogleDataTransport'
    Target 'FirebaseCrashlytics' in project 'Firebase'
        ➜ Explicit dependency on target 'Firebase_FirebaseCrashlytics' in project 'Firebase'
        ➜ Explicit dependency on target 'Firebase' in project 'Firebase'
        ➜ Explicit dependency on target 'FirebaseCoreInternal' in project 'Firebase'
        ➜ Explicit dependency on target 'FirebaseCore' in project 'Firebase'
        ➜ Explicit dependency on target 'FirebaseInstallations' in project 'Firebase'
        ➜ Explicit dependency on target 'FirebaseCoreExtension' in project 'Firebase'
        ➜ Explicit dependency on target 'FirebaseSessionsObjC' in project 'Firebase'
        ➜ Explicit dependency on target 'FirebaseSessions' in project 'Firebase'
        ➜ Explicit dependency on target 'FirebaseRemoteConfigInterop' in project 'Firebase'
        ➜ Explicit dependency on target 'FirebaseCrashlyticsSwift' in project 'Firebase'
        ➜ Explicit dependency on target 'GULNSData' in project 'GoogleUtilities'
        ➜ Explicit dependency on target 'GULEnvironment' in project 'GoogleUtilities'
        ➜ Explicit dependency on target 'GULLogger' in project 'GoogleUtilities'
        ➜ Explicit dependency on target 'FBLPromises' in project 'Promises'
        ➜ Explicit dependency on target 'GULUserDefaults' in project 'GoogleUtilities'
        ➜ Explicit dependency on target 'nanopb' in project 'nanopb'
        ➜ Explicit dependency on target 'Promises' in project 'Promises'
        ➜ Explicit dependency on target 'GoogleDataTransport' in project 'GoogleDataTransport'
    Target 'FirebaseCrashlyticsSwift' in project 'Firebase'
        ➜ Explicit dependency on target 'Firebase_FirebaseCrashlyticsSwift' in project 'Firebase'
        ➜ Explicit dependency on target 'FirebaseRemoteConfigInterop' in project 'Firebase'
    Target 'Firebase_FirebaseCrashlyticsSwift' in project 'Firebase' (no dependencies)
    Target 'FirebaseRemoteConfigInterop' in project 'Firebase' (no dependencies)
    Target 'FirebaseSessions' in project 'Firebase'
        ➜ Explicit dependency on target 'Firebase' in project 'Firebase'
        ➜ Explicit dependency on target 'FirebaseCoreInternal' in project 'Firebase'
        ➜ Explicit dependency on target 'FirebaseCore' in project 'Firebase'
        ➜ Explicit dependency on target 'FirebaseInstallations' in project 'Firebase'
        ➜ Explicit dependency on target 'FirebaseCoreExtension' in project 'Firebase'
        ➜ Explicit dependency on target 'FirebaseSessionsObjC' in project 'Firebase'
        ➜ Explicit dependency on target 'GULNSData' in project 'GoogleUtilities'
        ➜ Explicit dependency on target 'GULEnvironment' in project 'GoogleUtilities'
        ➜ Explicit dependency on target 'GULLogger' in project 'GoogleUtilities'
        ➜ Explicit dependency on target 'FBLPromises' in project 'Promises'
        ➜ Explicit dependency on target 'GULUserDefaults' in project 'GoogleUtilities'
        ➜ Explicit dependency on target 'nanopb' in project 'nanopb'
        ➜ Explicit dependency on target 'Promises' in project 'Promises'
        ➜ Explicit dependency on target 'GoogleDataTransport' in project 'GoogleDataTransport'
    Target 'GoogleDataTransport' in project 'GoogleDataTransport'
        ➜ Explicit dependency on target 'GoogleDataTransport' in project 'GoogleDataTransport'
        ➜ Explicit dependency on target 'GoogleDataTransport_GoogleDataTransport' in project 'GoogleDataTransport'
        ➜ Explicit dependency on target 'nanopb' in project 'nanopb'
        ➜ Explicit dependency on target 'FBLPromises' in project 'Promises'
    Target 'GoogleDataTransport' in project 'GoogleDataTransport'
        ➜ Explicit dependency on target 'GoogleDataTransport_GoogleDataTransport' in project 'GoogleDataTransport'
        ➜ Explicit dependency on target 'nanopb' in project 'nanopb'
        ➜ Explicit dependency on target 'FBLPromises' in project 'Promises'
    Target 'GoogleDataTransport_GoogleDataTransport' in project 'GoogleDataTransport' (no dependencies)
    Target 'Promises' in project 'Promises'
        ➜ Explicit dependency on target 'Promises' in project 'Promises'
        ➜ Explicit dependency on target 'Promises_Promises' in project 'Promises'
        ➜ Explicit dependency on target 'FBLPromises' in project 'Promises'
    Target 'Promises' in project 'Promises'
        ➜ Explicit dependency on target 'Promises_Promises' in project 'Promises'
        ➜ Explicit dependency on target 'FBLPromises' in project 'Promises'
    Target 'Promises_Promises' in project 'Promises' (no dependencies)
    Target 'FirebaseSessionsObjC' in project 'Firebase'
        ➜ Explicit dependency on target 'Firebase' in project 'Firebase'
        ➜ Explicit dependency on target 'FirebaseCoreInternal' in project 'Firebase'
        ➜ Explicit dependency on target 'FirebaseCore' in project 'Firebase'
        ➜ Explicit dependency on target 'FirebaseCoreExtension' in project 'Firebase'
        ➜ Explicit dependency on target 'GULNSData' in project 'GoogleUtilities'
        ➜ Explicit dependency on target 'GULEnvironment' in project 'GoogleUtilities'
        ➜ Explicit dependency on target 'GULLogger' in project 'GoogleUtilities'
        ➜ Explicit dependency on target 'nanopb' in project 'nanopb'
    Target 'nanopb' in project 'nanopb'
        ➜ Explicit dependency on target 'nanopb' in project 'nanopb'
        ➜ Explicit dependency on target 'nanopb_nanopb' in project 'nanopb'
    Target 'nanopb' in project 'nanopb'
        ➜ Explicit dependency on target 'nanopb_nanopb' in project 'nanopb'
    Target 'nanopb_nanopb' in project 'nanopb' (no dependencies)
    Target 'FirebaseCoreExtension' in project 'Firebase'
        ➜ Explicit dependency on target 'Firebase_FirebaseCoreExtension' in project 'Firebase'
    Target 'Firebase_FirebaseCoreExtension' in project 'Firebase' (no dependencies)
    Target 'FirebaseInstallations' in project 'Firebase'
        ➜ Explicit dependency on target 'Firebase_FirebaseInstallations' in project 'Firebase'
        ➜ Explicit dependency on target 'Firebase' in project 'Firebase'
        ➜ Explicit dependency on target 'FirebaseCoreInternal' in project 'Firebase'
        ➜ Explicit dependency on target 'FirebaseCore' in project 'Firebase'
        ➜ Explicit dependency on target 'GULNSData' in project 'GoogleUtilities'
        ➜ Explicit dependency on target 'GULEnvironment' in project 'GoogleUtilities'
        ➜ Explicit dependency on target 'GULLogger' in project 'GoogleUtilities'
        ➜ Explicit dependency on target 'FBLPromises' in project 'Promises'
        ➜ Explicit dependency on target 'GULUserDefaults' in project 'GoogleUtilities'
    Target 'Firebase_FirebaseInstallations' in project 'Firebase' (no dependencies)
    Target 'FirebaseCore' in project 'Firebase'
        ➜ Explicit dependency on target 'Firebase_FirebaseCore' in project 'Firebase'
        ➜ Explicit dependency on target 'Firebase' in project 'Firebase'
        ➜ Explicit dependency on target 'FirebaseCoreInternal' in project 'Firebase'
        ➜ Explicit dependency on target 'GULNSData' in project 'GoogleUtilities'
        ➜ Explicit dependency on target 'GULEnvironment' in project 'GoogleUtilities'
        ➜ Explicit dependency on target 'GULLogger' in project 'GoogleUtilities'
    Target 'GULLogger' in project 'GoogleUtilities'
        ➜ Explicit dependency on target 'GoogleUtilities-Logger' in project 'GoogleUtilities'
        ➜ Explicit dependency on target 'GoogleUtilities_GoogleUtilities-Logger' in project 'GoogleUtilities'
        ➜ Explicit dependency on target 'third-party-IsAppEncrypted' in project 'GoogleUtilities'
        ➜ Explicit dependency on target 'GoogleUtilities-Environment' in project 'GoogleUtilities'
    Target 'Firebase_FirebaseCore' in project 'Firebase' (no dependencies)
    Target 'FirebaseCoreInternal' in project 'Firebase'
        ➜ Explicit dependency on target 'Firebase_FirebaseCoreInternal' in project 'Firebase'
        ➜ Explicit dependency on target 'GULNSData' in project 'GoogleUtilities'
    Target 'GULNSData' in project 'GoogleUtilities'
        ➜ Explicit dependency on target 'GoogleUtilities-NSData' in project 'GoogleUtilities'
        ➜ Explicit dependency on target 'GoogleUtilities_GoogleUtilities-NSData' in project 'GoogleUtilities'
    Target 'GoogleUtilities-NSData' in project 'GoogleUtilities'
        ➜ Explicit dependency on target 'GoogleUtilities_GoogleUtilities-NSData' in project 'GoogleUtilities'
    Target 'GoogleUtilities_GoogleUtilities-NSData' in project 'GoogleUtilities' (no dependencies)
    Target 'Firebase_FirebaseCoreInternal' in project 'Firebase' (no dependencies)
    Target 'Firebase' in project 'Firebase' (no dependencies)
    Target 'Firebase_FirebaseCrashlytics' in project 'Firebase' (no dependencies)
    Target 'GoogleSignInSwift' in project 'GoogleSignIn'
        ➜ Explicit dependency on target 'GoogleSignInSwift' in project 'GoogleSignIn'
        ➜ Explicit dependency on target 'GoogleSignIn_GoogleSignInSwift' in project 'GoogleSignIn'
        ➜ Explicit dependency on target 'GoogleSignIn' in project 'GoogleSignIn'
        ➜ Explicit dependency on target 'AppAuth' in project 'AppAuth'
        ➜ Explicit dependency on target 'AppAuthCore' in project 'AppAuth'
        ➜ Explicit dependency on target 'AppCheckCore' in project 'AppCheck'
        ➜ Explicit dependency on target 'GTMAppAuth' in project 'GTMAppAuth'
        ➜ Explicit dependency on target 'GTMSessionFetcherCore' in project 'GTMSessionFetcher'
    Target 'GoogleSignInSwift' in project 'GoogleSignIn'
        ➜ Explicit dependency on target 'GoogleSignIn_GoogleSignInSwift' in project 'GoogleSignIn'
        ➜ Explicit dependency on target 'GoogleSignIn' in project 'GoogleSignIn'
        ➜ Explicit dependency on target 'AppAuth' in project 'AppAuth'
        ➜ Explicit dependency on target 'AppAuthCore' in project 'AppAuth'
        ➜ Explicit dependency on target 'AppCheckCore' in project 'AppCheck'
        ➜ Explicit dependency on target 'GTMAppAuth' in project 'GTMAppAuth'
        ➜ Explicit dependency on target 'GTMSessionFetcherCore' in project 'GTMSessionFetcher'
    Target 'GoogleSignIn' in project 'GoogleSignIn'
        ➜ Explicit dependency on target 'GoogleSignIn_GoogleSignIn' in project 'GoogleSignIn'
        ➜ Explicit dependency on target 'AppAuth' in project 'AppAuth'
        ➜ Explicit dependency on target 'AppAuthCore' in project 'AppAuth'
        ➜ Explicit dependency on target 'AppCheckCore' in project 'AppCheck'
        ➜ Explicit dependency on target 'GTMAppAuth' in project 'GTMAppAuth'
        ➜ Explicit dependency on target 'GTMSessionFetcherCore' in project 'GTMSessionFetcher'
    Target 'GTMAppAuth' in project 'GTMAppAuth'
        ➜ Explicit dependency on target 'GTMAppAuth' in project 'GTMAppAuth'
        ➜ Explicit dependency on target 'GTMAppAuth_GTMAppAuth' in project 'GTMAppAuth'
        ➜ Explicit dependency on target 'GTMSessionFetcherCore' in project 'GTMSessionFetcher'
        ➜ Explicit dependency on target 'AppAuthCore' in project 'AppAuth'
    Target 'GTMAppAuth' in project 'GTMAppAuth'
        ➜ Explicit dependency on target 'GTMAppAuth_GTMAppAuth' in project 'GTMAppAuth'
        ➜ Explicit dependency on target 'GTMSessionFetcherCore' in project 'GTMSessionFetcher'
        ➜ Explicit dependency on target 'AppAuthCore' in project 'AppAuth'
    Target 'GTMSessionFetcherCore' in project 'GTMSessionFetcher'
        ➜ Explicit dependency on target 'GTMSessionFetcherCore' in project 'GTMSessionFetcher'
        ➜ Explicit dependency on target 'GTMSessionFetcher_GTMSessionFetcherCore' in project 'GTMSessionFetcher'
    Target 'GTMSessionFetcherCore' in project 'GTMSessionFetcher'
        ➜ Explicit dependency on target 'GTMSessionFetcher_GTMSessionFetcherCore' in project 'GTMSessionFetcher'
    Target 'GTMSessionFetcher_GTMSessionFetcherCore' in project 'GTMSessionFetcher' (no dependencies)
    Target 'GTMAppAuth_GTMAppAuth' in project 'GTMAppAuth' (no dependencies)
    Target 'AppCheckCore' in project 'AppCheck'
        ➜ Explicit dependency on target 'AppCheckCore' in project 'AppCheck'
        ➜ Explicit dependency on target 'FBLPromises' in project 'Promises'
        ➜ Explicit dependency on target 'GULEnvironment' in project 'GoogleUtilities'
        ➜ Explicit dependency on target 'GULUserDefaults' in project 'GoogleUtilities'
    Target 'AppCheckCore' in project 'AppCheck'
        ➜ Explicit dependency on target 'FBLPromises' in project 'Promises'
        ➜ Explicit dependency on target 'GULEnvironment' in project 'GoogleUtilities'
        ➜ Explicit dependency on target 'GULUserDefaults' in project 'GoogleUtilities'
    Target 'GULUserDefaults' in project 'GoogleUtilities'
        ➜ Explicit dependency on target 'GoogleUtilities-UserDefaults' in project 'GoogleUtilities'
        ➜ Explicit dependency on target 'GoogleUtilities_GoogleUtilities-UserDefaults' in project 'GoogleUtilities'
        ➜ Explicit dependency on target 'third-party-IsAppEncrypted' in project 'GoogleUtilities'
        ➜ Explicit dependency on target 'GoogleUtilities-Environment' in project 'GoogleUtilities'
        ➜ Explicit dependency on target 'GoogleUtilities-Logger' in project 'GoogleUtilities'
    Target 'GoogleUtilities-UserDefaults' in project 'GoogleUtilities'
        ➜ Explicit dependency on target 'GoogleUtilities_GoogleUtilities-UserDefaults' in project 'GoogleUtilities'
        ➜ Explicit dependency on target 'third-party-IsAppEncrypted' in project 'GoogleUtilities'
        ➜ Explicit dependency on target 'GoogleUtilities-Environment' in project 'GoogleUtilities'
        ➜ Explicit dependency on target 'GoogleUtilities-Logger' in project 'GoogleUtilities'
    Target 'GoogleUtilities-Logger' in project 'GoogleUtilities'
        ➜ Explicit dependency on target 'GoogleUtilities_GoogleUtilities-Logger' in project 'GoogleUtilities'
        ➜ Explicit dependency on target 'third-party-IsAppEncrypted' in project 'GoogleUtilities'
        ➜ Explicit dependency on target 'GoogleUtilities-Environment' in project 'GoogleUtilities'
    Target 'GoogleUtilities_GoogleUtilities-Logger' in project 'GoogleUtilities' (no dependencies)
    Target 'GoogleUtilities_GoogleUtilities-UserDefaults' in project 'GoogleUtilities' (no dependencies)
    Target 'GULEnvironment' in project 'GoogleUtilities'
        ➜ Explicit dependency on target 'GoogleUtilities-Environment' in project 'GoogleUtilities'
        ➜ Explicit dependency on target 'GoogleUtilities_GoogleUtilities-Environment' in project 'GoogleUtilities'
        ➜ Explicit dependency on target 'third-party-IsAppEncrypted' in project 'GoogleUtilities'
    Target 'GoogleUtilities-Environment' in project 'GoogleUtilities'
        ➜ Explicit dependency on target 'GoogleUtilities_GoogleUtilities-Environment' in project 'GoogleUtilities'
        ➜ Explicit dependency on target 'third-party-IsAppEncrypted' in project 'GoogleUtilities'
    Target 'third-party-IsAppEncrypted' in project 'GoogleUtilities' (no dependencies)
    Target 'GoogleUtilities_GoogleUtilities-Environment' in project 'GoogleUtilities' (no dependencies)
    Target 'FBLPromises' in project 'Promises'
        ➜ Explicit dependency on target 'FBLPromises' in project 'Promises'
        ➜ Explicit dependency on target 'Promises_FBLPromises' in project 'Promises'
    Target 'FBLPromises' in project 'Promises'
        ➜ Explicit dependency on target 'Promises_FBLPromises' in project 'Promises'
    Target 'Promises_FBLPromises' in project 'Promises' (no dependencies)
    Target 'AppAuthCore' in project 'AppAuth'
        ➜ Explicit dependency on target 'AppAuthCore' in project 'AppAuth'
        ➜ Explicit dependency on target 'AppAuth_AppAuthCore' in project 'AppAuth'
    Target 'AppAuth' in project 'AppAuth'
        ➜ Explicit dependency on target 'AppAuth' in project 'AppAuth'
        ➜ Explicit dependency on target 'AppAuth_AppAuth' in project 'AppAuth'
        ➜ Explicit dependency on target 'AppAuthCore' in project 'AppAuth'
    Target 'AppAuth' in project 'AppAuth'
        ➜ Explicit dependency on target 'AppAuth_AppAuth' in project 'AppAuth'
        ➜ Explicit dependency on target 'AppAuthCore' in project 'AppAuth'
    Target 'AppAuthCore' in project 'AppAuth'
        ➜ Explicit dependency on target 'AppAuth_AppAuthCore' in project 'AppAuth'
    Target 'AppAuth_AppAuthCore' in project 'AppAuth' (no dependencies)
    Target 'AppAuth_AppAuth' in project 'AppAuth' (no dependencies)
    Target 'GoogleSignIn_GoogleSignIn' in project 'GoogleSignIn' (no dependencies)
    Target 'GoogleSignIn_GoogleSignInSwift' in project 'GoogleSignIn' (no dependencies)

GatherProvisioningInputs

CreateBuildDescription

ExecuteExternalTool /Applications/Xcode.app/Contents/Developer/Toolchains/XcodeDefault.xctoolchain/usr/bin/clang -v -E -dM -arch arm64 -isysroot /Applications/Xcode.app/Contents/Developer/Platforms/iPhoneSimulator.platform/Developer/SDKs/iPhoneSimulator26.2.sdk -x objective-c -c /dev/null

ExecuteExternalTool /Applications/Xcode.app/Contents/Developer/Toolchains/XcodeDefault.xctoolchain/usr/bin/swiftc --version

ExecuteExternalTool /Applications/Xcode.app/Contents/Developer/Toolchains/XcodeDefault.xctoolchain/usr/bin/clang -v -E -dM -isysroot /Applications/Xcode.app/Contents/Developer/Platforms/iPhoneSimulator.platform/Developer/SDKs/iPhoneSimulator26.2.sdk -x c -c /dev/null

ExecuteExternalTool /Applications/Xcode.app/Contents/Developer/usr/bin/actool --print-asset-tag-combinations --output-format xml1 /Users/tommy/dev/spoiled/spoiled-ios/Spoiled/Preview Content/Preview Assets.xcassets /Users/tommy/dev/spoiled/spoiled-ios/Spoiled/Assets.xcassets

ExecuteExternalTool /Applications/Xcode.app/Contents/Developer/usr/bin/actool --version --output-format xml1

ExecuteExternalTool /Applications/Xcode.app/Contents/Developer/Toolchains/XcodeDefault.xctoolchain/usr/bin/clang -v -E -dM -arch arm64 -isysroot /Applications/Xcode.app/Contents/Developer/Platforms/iPhoneSimulator.platform/Developer/SDKs/iPhoneSimulator26.2.sdk -x c -c /dev/null

ExecuteExternalTool /Applications/Xcode.app/Contents/Developer/Toolchains/XcodeDefault.xctoolchain/usr/bin/ld -version_details

ExecuteExternalTool /Applications/Xcode.app/Contents/Developer/Toolchains/XcodeDefault.xctoolchain/usr/bin/clang -v -E -dM -arch arm64 -isysroot /Applications/Xcode.app/Contents/Developer/Platforms/iPhoneSimulator.platform/Developer/SDKs/iPhoneSimulator26.2.sdk -x objective-c++ -c /dev/null

Build description signature: 68e6c8b25a9eed375492601aa85c6629
Build description path: /Users/tommy/Library/Developer/Xcode/DerivedData/Spoiled-gopgplirjnpgrkcvlwikkantpdgq/Build/Intermediates.noindex/XCBuildData/68e6c8b25a9eed375492601aa85c6629.xcbuilddata
ClangStatCache /Applications/Xcode.app/Contents/Developer/Toolchains/XcodeDefault.xctoolchain/usr/bin/clang-stat-cache /Applications/Xcode.app/Contents/Developer/Platforms/iPhoneSimulator.platform/Developer/SDKs/iPhoneSimulator26.2.sdk /Users/tommy/Library/Developer/Xcode/DerivedData/SDKStatCaches.noindex/iphonesimulator26.2-23C57-7d00a8b37fbd7999ea79df8ebc024bf0.sdkstatcache
    cd /Users/tommy/dev/spoiled/spoiled-ios/Spoiled.xcodeproj
    /Applications/Xcode.app/Contents/Developer/Toolchains/XcodeDefault.xctoolchain/usr/bin/clang-stat-cache /Applications/Xcode.app/Contents/Developer/Platforms/iPhoneSimulator.platform/Developer/SDKs/iPhoneSimulator26.2.sdk -o /Users/tommy/Library/Developer/Xcode/DerivedData/SDKStatCaches.noindex/iphonesimulator26.2-23C57-7d00a8b37fbd7999ea79df8ebc024bf0.sdkstatcache

ProcessInfoPlistFile /Users/tommy/Library/Developer/Xcode/DerivedData/Spoiled-gopgplirjnpgrkcvlwikkantpdgq/Build/Products/Debug-iphonesimulator/nanopb_nanopb.bundle/Info.plist /Users/tommy/Library/Developer/Xcode/DerivedData/Spoiled-gopgplirjnpgrkcvlwikkantpdgq/Build/Intermediates.noindex/nanopb.build/Debug-iphonesimulator/nanopb_nanopb.build/empty-nanopb_nanopb.plist (in target 'nanopb_nanopb' from project 'nanopb')
    cd /Users/tommy/Library/Developer/Xcode/DerivedData/Spoiled-gopgplirjnpgrkcvlwikkantpdgq/SourcePackages/checkouts/nanopb
    builtin-infoPlistUtility /Users/tommy/Library/Developer/Xcode/DerivedData/Spoiled-gopgplirjnpgrkcvlwikkantpdgq/Build/Intermediates.noindex/nanopb.build/Debug-iphonesimulator/nanopb_nanopb.build/empty-nanopb_nanopb.plist -producttype com.apple.product-type.bundle -expandbuildsettings -format binary -platform iphonesimulator -o /Users/tommy/Library/Developer/Xcode/DerivedData/Spoiled-gopgplirjnpgrkcvlwikkantpdgq/Build/Products/Debug-iphonesimulator/nanopb_nanopb.bundle/Info.plist

ProcessInfoPlistFile /Users/tommy/Library/Developer/Xcode/DerivedData/Spoiled-gopgplirjnpgrkcvlwikkantpdgq/Build/Products/Debug-iphonesimulator/Promises_Promises.bundle/Info.plist /Users/tommy/Library/Developer/Xcode/DerivedData/Spoiled-gopgplirjnpgrkcvlwikkantpdgq/Build/Intermediates.noindex/Promises.build/Debug-iphonesimulator/Promises_Promises.build/empty-Promises_Promises.plist (in target 'Promises_Promises' from project 'Promises')
    cd /Users/tommy/Library/Developer/Xcode/DerivedData/Spoiled-gopgplirjnpgrkcvlwikkantpdgq/SourcePackages/checkouts/promises
    builtin-infoPlistUtility /Users/tommy/Library/Developer/Xcode/DerivedData/Spoiled-gopgplirjnpgrkcvlwikkantpdgq/Build/Intermediates.noindex/Promises.build/Debug-iphonesimulator/Promises_Promises.build/empty-Promises_Promises.plist -producttype com.apple.product-type.bundle -expandbuildsettings -format binary -platform iphonesimulator -o /Users/tommy/Library/Developer/Xcode/DerivedData/Spoiled-gopgplirjnpgrkcvlwikkantpdgq/Build/Products/Debug-iphonesimulator/Promises_Promises.bundle/Info.plist

ProcessInfoPlistFile /Users/tommy/Library/Developer/Xcode/DerivedData/Spoiled-gopgplirjnpgrkcvlwikkantpdgq/Build/Products/Debug-iphonesimulator/GoogleUtilities_GoogleUtilities-Network.bundle/Info.plist /Users/tommy/Library/Developer/Xcode/DerivedData/Spoiled-gopgplirjnpgrkcvlwikkantpdgq/Build/Intermediates.noindex/GoogleUtilities.build/Debug-iphonesimulator/GoogleUtilities_GoogleUtilities-Network.build/empty-GoogleUtilities_GoogleUtilities-Network.plist (in target 'GoogleUtilities_GoogleUtilities-Network' from project 'GoogleUtilities')
    cd /Users/tommy/Library/Developer/Xcode/DerivedData/Spoiled-gopgplirjnpgrkcvlwikkantpdgq/SourcePackages/checkouts/GoogleUtilities
    builtin-infoPlistUtility /Users/tommy/Library/Developer/Xcode/DerivedData/Spoiled-gopgplirjnpgrkcvlwikkantpdgq/Build/Intermediates.noindex/GoogleUtilities.build/Debug-iphonesimulator/GoogleUtilities_GoogleUtilities-Network.build/empty-GoogleUtilities_GoogleUtilities-Network.plist -producttype com.apple.product-type.bundle -expandbuildsettings -format binary -platform iphonesimulator -o /Users/tommy/Library/Developer/Xcode/DerivedData/Spoiled-gopgplirjnpgrkcvlwikkantpdgq/Build/Products/Debug-iphonesimulator/GoogleUtilities_GoogleUtilities-Network.bundle/Info.plist

ProcessInfoPlistFile /Users/tommy/Library/Developer/Xcode/DerivedData/Spoiled-gopgplirjnpgrkcvlwikkantpdgq/Build/Products/Debug-iphonesimulator/GoogleUtilities_GoogleUtilities-NSData.bundle/Info.plist /Users/tommy/Library/Developer/Xcode/DerivedData/Spoiled-gopgplirjnpgrkcvlwikkantpdgq/Build/Intermediates.noindex/GoogleUtilities.build/Debug-iphonesimulator/GoogleUtilities_GoogleUtilities-NSData.build/empty-GoogleUtilities_GoogleUtilities-NSData.plist (in target 'GoogleUtilities_GoogleUtilities-NSData' from project 'GoogleUtilities')
    cd /Users/tommy/Library/Developer/Xcode/DerivedData/Spoiled-gopgplirjnpgrkcvlwikkantpdgq/SourcePackages/checkouts/GoogleUtilities
    builtin-infoPlistUtility /Users/tommy/Library/Developer/Xcode/DerivedData/Spoiled-gopgplirjnpgrkcvlwikkantpdgq/Build/Intermediates.noindex/GoogleUtilities.build/Debug-iphonesimulator/GoogleUtilities_GoogleUtilities-NSData.build/empty-GoogleUtilities_GoogleUtilities-NSData.plist -producttype com.apple.product-type.bundle -expandbuildsettings -format binary -platform iphonesimulator -o /Users/tommy/Library/Developer/Xcode/DerivedData/Spoiled-gopgplirjnpgrkcvlwikkantpdgq/Build/Products/Debug-iphonesimulator/GoogleUtilities_GoogleUtilities-NSData.bundle/Info.plist

ProcessInfoPlistFile /Users/tommy/Library/Developer/Xcode/DerivedData/Spoiled-gopgplirjnpgrkcvlwikkantpdgq/Build/Products/Debug-iphonesimulator/GoogleUtilities_GoogleUtilities-UserDefaults.bundle/Info.plist /Users/tommy/Library/Developer/Xcode/DerivedData/Spoiled-gopgplirjnpgrkcvlwikkantpdgq/Build/Intermediates.noindex/GoogleUtilities.build/Debug-iphonesimulator/GoogleUtilities_GoogleUtilities-UserDefaults.build/empty-GoogleUtilities_GoogleUtilities-UserDefaults.plist (in target 'GoogleUtilities_GoogleUtilities-UserDefaults' from project 'GoogleUtilities')
    cd /Users/tommy/Library/Developer/Xcode/DerivedData/Spoiled-gopgplirjnpgrkcvlwikkantpdgq/SourcePackages/checkouts/GoogleUtilities
    builtin-infoPlistUtility /Users/tommy/Library/Developer/Xcode/DerivedData/Spoiled-gopgplirjnpgrkcvlwikkantpdgq/Build/Intermediates.noindex/GoogleUtilities.build/Debug-iphonesimulator/GoogleUtilities_GoogleUtilities-UserDefaults.build/empty-GoogleUtilities_GoogleUtilities-UserDefaults.plist -producttype com.apple.product-type.bundle -expandbuildsettings -format binary -platform iphonesimulator -o /Users/tommy/Library/Developer/Xcode/DerivedData/Spoiled-gopgplirjnpgrkcvlwikkantpdgq/Build/Products/Debug-iphonesimulator/GoogleUtilities_GoogleUtilities-UserDefaults.bundle/Info.plist

ProcessInfoPlistFile /Users/tommy/Library/Developer/Xcode/DerivedData/Spoiled-gopgplirjnpgrkcvlwikkantpdgq/Build/Products/Debug-iphonesimulator/Promises_FBLPromises.bundle/Info.plist /Users/tommy/Library/Developer/Xcode/DerivedData/Spoiled-gopgplirjnpgrkcvlwikkantpdgq/Build/Intermediates.noindex/Promises.build/Debug-iphonesimulator/Promises_FBLPromises.build/empty-Promises_FBLPromises.plist (in target 'Promises_FBLPromises' from project 'Promises')
    cd /Users/tommy/Library/Developer/Xcode/DerivedData/Spoiled-gopgplirjnpgrkcvlwikkantpdgq/SourcePackages/checkouts/promises
    builtin-infoPlistUtility /Users/tommy/Library/Developer/Xcode/DerivedData/Spoiled-gopgplirjnpgrkcvlwikkantpdgq/Build/Intermediates.noindex/Promises.build/Debug-iphonesimulator/Promises_FBLPromises.build/empty-Promises_FBLPromises.plist -producttype com.apple.product-type.bundle -expandbuildsettings -format binary -platform iphonesimulator -o /Users/tommy/Library/Developer/Xcode/DerivedData/Spoiled-gopgplirjnpgrkcvlwikkantpdgq/Build/Products/Debug-iphonesimulator/Promises_FBLPromises.bundle/Info.plist

ProcessInfoPlistFile /Users/tommy/Library/Developer/Xcode/DerivedData/Spoiled-gopgplirjnpgrkcvlwikkantpdgq/Build/Products/Debug-iphonesimulator/GoogleUtilities_GoogleUtilities-Logger.bundle/Info.plist /Users/tommy/Library/Developer/Xcode/DerivedData/Spoiled-gopgplirjnpgrkcvlwikkantpdgq/Build/Intermediates.noindex/GoogleUtilities.build/Debug-iphonesimulator/GoogleUtilities_GoogleUtilities-Logger.build/empty-GoogleUtilities_GoogleUtilities-Logger.plist (in target 'GoogleUtilities_GoogleUtilities-Logger' from project 'GoogleUtilities')
    cd /Users/tommy/Library/Developer/Xcode/DerivedData/Spoiled-gopgplirjnpgrkcvlwikkantpdgq/SourcePackages/checkouts/GoogleUtilities
    builtin-infoPlistUtility /Users/tommy/Library/Developer/Xcode/DerivedData/Spoiled-gopgplirjnpgrkcvlwikkantpdgq/Build/Intermediates.noindex/GoogleUtilities.build/Debug-iphonesimulator/GoogleUtilities_GoogleUtilities-Logger.build/empty-GoogleUtilities_GoogleUtilities-Logger.plist -producttype com.apple.product-type.bundle -expandbuildsettings -format binary -platform iphonesimulator -o /Users/tommy/Library/Developer/Xcode/DerivedData/Spoiled-gopgplirjnpgrkcvlwikkantpdgq/Build/Products/Debug-iphonesimulator/GoogleUtilities_GoogleUtilities-Logger.bundle/Info.plist

ProcessInfoPlistFile /Users/tommy/Library/Developer/Xcode/DerivedData/Spoiled-gopgplirjnpgrkcvlwikkantpdgq/Build/Products/Debug-iphonesimulator/GoogleUtilities_GoogleUtilities-MethodSwizzler.bundle/Info.plist /Users/tommy/Library/Developer/Xcode/DerivedData/Spoiled-gopgplirjnpgrkcvlwikkantpdgq/Build/Intermediates.noindex/GoogleUtilities.build/Debug-iphonesimulator/GoogleUtilities_GoogleUtilities-MethodSwizzler.build/empty-GoogleUtilities_GoogleUtilities-MethodSwizzler.plist (in target 'GoogleUtilities_GoogleUtilities-MethodSwizzler' from project 'GoogleUtilities')
    cd /Users/tommy/Library/Developer/Xcode/DerivedData/Spoiled-gopgplirjnpgrkcvlwikkantpdgq/SourcePackages/checkouts/GoogleUtilities
    builtin-infoPlistUtility /Users/tommy/Library/Developer/Xcode/DerivedData/Spoiled-gopgplirjnpgrkcvlwikkantpdgq/Build/Intermediates.noindex/GoogleUtilities.build/Debug-iphonesimulator/GoogleUtilities_GoogleUtilities-MethodSwizzler.build/empty-GoogleUtilities_GoogleUtilities-MethodSwizzler.plist -producttype com.apple.product-type.bundle -expandbuildsettings -format binary -platform iphonesimulator -o /Users/tommy/Library/Developer/Xcode/DerivedData/Spoiled-gopgplirjnpgrkcvlwikkantpdgq/Build/Products/Debug-iphonesimulator/GoogleUtilities_GoogleUtilities-MethodSwizzler.bundle/Info.plist

ProcessInfoPlistFile /Users/tommy/Library/Developer/Xcode/DerivedData/Spoiled-gopgplirjnpgrkcvlwikkantpdgq/Build/Products/Debug-iphonesimulator/GoogleUtilities_GoogleUtilities-Reachability.bundle/Info.plist /Users/tommy/Library/Developer/Xcode/DerivedData/Spoiled-gopgplirjnpgrkcvlwikkantpdgq/Build/Intermediates.noindex/GoogleUtilities.build/Debug-iphonesimulator/GoogleUtilities_GoogleUtilities-Reachability.build/empty-GoogleUtilities_GoogleUtilities-Reachability.plist (in target 'GoogleUtilities_GoogleUtilities-Reachability' from project 'GoogleUtilities')
    cd /Users/tommy/Library/Developer/Xcode/DerivedData/Spoiled-gopgplirjnpgrkcvlwikkantpdgq/SourcePackages/checkouts/GoogleUtilities
    builtin-infoPlistUtility /Users/tommy/Library/Developer/Xcode/DerivedData/Spoiled-gopgplirjnpgrkcvlwikkantpdgq/Build/Intermediates.noindex/GoogleUtilities.build/Debug-iphonesimulator/GoogleUtilities_GoogleUtilities-Reachability.build/empty-GoogleUtilities_GoogleUtilities-Reachability.plist -producttype com.apple.product-type.bundle -expandbuildsettings -format binary -platform iphonesimulator -o /Users/tommy/Library/Developer/Xcode/DerivedData/Spoiled-gopgplirjnpgrkcvlwikkantpdgq/Build/Products/Debug-iphonesimulator/GoogleUtilities_GoogleUtilities-Reachability.bundle/Info.plist

ProcessInfoPlistFile /Users/tommy/Library/Developer/Xcode/DerivedData/Spoiled-gopgplirjnpgrkcvlwikkantpdgq/Build/Products/Debug-iphonesimulator/GoogleUtilities_GoogleUtilities-Environment.bundle/Info.plist /Users/tommy/Library/Developer/Xcode/DerivedData/Spoiled-gopgplirjnpgrkcvlwikkantpdgq/Build/Intermediates.noindex/GoogleUtilities.build/Debug-iphonesimulator/GoogleUtilities_GoogleUtilities-Environment.build/empty-GoogleUtilities_GoogleUtilities-Environment.plist (in target 'GoogleUtilities_GoogleUtilities-Environment' from project 'GoogleUtilities')
    cd /Users/tommy/Library/Developer/Xcode/DerivedData/Spoiled-gopgplirjnpgrkcvlwikkantpdgq/SourcePackages/checkouts/GoogleUtilities
    builtin-infoPlistUtility /Users/tommy/Library/Developer/Xcode/DerivedData/Spoiled-gopgplirjnpgrkcvlwikkantpdgq/Build/Intermediates.noindex/GoogleUtilities.build/Debug-iphonesimulator/GoogleUtilities_GoogleUtilities-Environment.build/empty-GoogleUtilities_GoogleUtilities-Environment.plist -producttype com.apple.product-type.bundle -expandbuildsettings -format binary -platform iphonesimulator -o /Users/tommy/Library/Developer/Xcode/DerivedData/Spoiled-gopgplirjnpgrkcvlwikkantpdgq/Build/Products/Debug-iphonesimulator/GoogleUtilities_GoogleUtilities-Environment.bundle/Info.plist

ProcessInfoPlistFile /Users/tommy/Library/Developer/Xcode/DerivedData/Spoiled-gopgplirjnpgrkcvlwikkantpdgq/Build/Products/Debug-iphonesimulator/GoogleUtilities_GoogleUtilities-AppDelegateSwizzler.bundle/Info.plist /Users/tommy/Library/Developer/Xcode/DerivedData/Spoiled-gopgplirjnpgrkcvlwikkantpdgq/Build/Intermediates.noindex/GoogleUtilities.build/Debug-iphonesimulator/GoogleUtilities_GoogleUtilities-AppDelegateSwizzler.build/empty-GoogleUtilities_GoogleUtilities-AppDelegateSwizzler.plist (in target 'GoogleUtilities_GoogleUtilities-AppDelegateSwizzler' from project 'GoogleUtilities')
    cd /Users/tommy/Library/Developer/Xcode/DerivedData/Spoiled-gopgplirjnpgrkcvlwikkantpdgq/SourcePackages/checkouts/GoogleUtilities
    builtin-infoPlistUtility /Users/tommy/Library/Developer/Xcode/DerivedData/Spoiled-gopgplirjnpgrkcvlwikkantpdgq/Build/Intermediates.noindex/GoogleUtilities.build/Debug-iphonesimulator/GoogleUtilities_GoogleUtilities-AppDelegateSwizzler.build/empty-GoogleUtilities_GoogleUtilities-AppDelegateSwizzler.plist -producttype com.apple.product-type.bundle -expandbuildsettings -format binary -platform iphonesimulator -o /Users/tommy/Library/Developer/Xcode/DerivedData/Spoiled-gopgplirjnpgrkcvlwikkantpdgq/Build/Products/Debug-iphonesimulator/GoogleUtilities_GoogleUtilities-AppDelegateSwizzler.bundle/Info.plist

ProcessInfoPlistFile /Users/tommy/Library/Developer/Xcode/DerivedData/Spoiled-gopgplirjnpgrkcvlwikkantpdgq/Build/Products/Debug-iphonesimulator/GoogleSignIn_GoogleSignInSwift.bundle/Info.plist /Users/tommy/Library/Developer/Xcode/DerivedData/Spoiled-gopgplirjnpgrkcvlwikkantpdgq/Build/Intermediates.noindex/GoogleSignIn.build/Debug-iphonesimulator/GoogleSignIn_GoogleSignInSwift.build/empty-GoogleSignIn_GoogleSignInSwift.plist (in target 'GoogleSignIn_GoogleSignInSwift' from project 'GoogleSignIn')
    cd /Users/tommy/Library/Developer/Xcode/DerivedData/Spoiled-gopgplirjnpgrkcvlwikkantpdgq/SourcePackages/checkouts/GoogleSignIn-iOS
    builtin-infoPlistUtility /Users/tommy/Library/Developer/Xcode/DerivedData/Spoiled-gopgplirjnpgrkcvlwikkantpdgq/Build/Intermediates.noindex/GoogleSignIn.build/Debug-iphonesimulator/GoogleSignIn_GoogleSignInSwift.build/empty-GoogleSignIn_GoogleSignInSwift.plist -producttype com.apple.product-type.bundle -expandbuildsettings -format binary -platform iphonesimulator -o /Users/tommy/Library/Developer/Xcode/DerivedData/Spoiled-gopgplirjnpgrkcvlwikkantpdgq/Build/Products/Debug-iphonesimulator/GoogleSignIn_GoogleSignInSwift.bundle/Info.plist

ProcessInfoPlistFile /Users/tommy/Library/Developer/Xcode/DerivedData/Spoiled-gopgplirjnpgrkcvlwikkantpdgq/Build/Products/Debug-iphonesimulator/GoogleSignIn_GoogleSignIn.bundle/Info.plist /Users/tommy/Library/Developer/Xcode/DerivedData/Spoiled-gopgplirjnpgrkcvlwikkantpdgq/Build/Intermediates.noindex/GoogleSignIn.build/Debug-iphonesimulator/GoogleSignIn_GoogleSignIn.build/empty-GoogleSignIn_GoogleSignIn.plist (in target 'GoogleSignIn_GoogleSignIn' from project 'GoogleSignIn')
    cd /Users/tommy/Library/Developer/Xcode/DerivedData/Spoiled-gopgplirjnpgrkcvlwikkantpdgq/SourcePackages/checkouts/GoogleSignIn-iOS
    builtin-infoPlistUtility /Users/tommy/Library/Developer/Xcode/DerivedData/Spoiled-gopgplirjnpgrkcvlwikkantpdgq/Build/Intermediates.noindex/GoogleSignIn.build/Debug-iphonesimulator/GoogleSignIn_GoogleSignIn.build/empty-GoogleSignIn_GoogleSignIn.plist -producttype com.apple.product-type.bundle -expandbuildsettings -format binary -platform iphonesimulator -o /Users/tommy/Library/Developer/Xcode/DerivedData/Spoiled-gopgplirjnpgrkcvlwikkantpdgq/Build/Products/Debug-iphonesimulator/GoogleSignIn_GoogleSignIn.bundle/Info.plist

ProcessInfoPlistFile /Users/tommy/Library/Developer/Xcode/DerivedData/Spoiled-gopgplirjnpgrkcvlwikkantpdgq/Build/Products/Debug-iphonesimulator/GTMSessionFetcher_GTMSessionFetcherCore.bundle/Info.plist /Users/tommy/Library/Developer/Xcode/DerivedData/Spoiled-gopgplirjnpgrkcvlwikkantpdgq/Build/Intermediates.noindex/GTMSessionFetcher.build/Debug-iphonesimulator/GTMSessionFetcher_GTMSessionFetcherCore.build/empty-GTMSessionFetcher_GTMSessionFetcherCore.plist (in target 'GTMSessionFetcher_GTMSessionFetcherCore' from project 'GTMSessionFetcher')
    cd /Users/tommy/Library/Developer/Xcode/DerivedData/Spoiled-gopgplirjnpgrkcvlwikkantpdgq/SourcePackages/checkouts/gtm-session-fetcher
    builtin-infoPlistUtility /Users/tommy/Library/Developer/Xcode/DerivedData/Spoiled-gopgplirjnpgrkcvlwikkantpdgq/Build/Intermediates.noindex/GTMSessionFetcher.build/Debug-iphonesimulator/GTMSessionFetcher_GTMSessionFetcherCore.build/empty-GTMSessionFetcher_GTMSessionFetcherCore.plist -producttype com.apple.product-type.bundle -expandbuildsettings -format binary -platform iphonesimulator -o /Users/tommy/Library/Developer/Xcode/DerivedData/Spoiled-gopgplirjnpgrkcvlwikkantpdgq/Build/Products/Debug-iphonesimulator/GTMSessionFetcher_GTMSessionFetcherCore.bundle/Info.plist

ProcessInfoPlistFile /Users/tommy/Library/Developer/Xcode/DerivedData/Spoiled-gopgplirjnpgrkcvlwikkantpdgq/Build/Products/Debug-iphonesimulator/GoogleDataTransport_GoogleDataTransport.bundle/Info.plist /Users/tommy/Library/Developer/Xcode/DerivedData/Spoiled-gopgplirjnpgrkcvlwikkantpdgq/Build/Intermediates.noindex/GoogleDataTransport.build/Debug-iphonesimulator/GoogleDataTransport_GoogleDataTransport.build/empty-GoogleDataTransport_GoogleDataTransport.plist (in target 'GoogleDataTransport_GoogleDataTransport' from project 'GoogleDataTransport')
    cd /Users/tommy/Library/Developer/Xcode/DerivedData/Spoiled-gopgplirjnpgrkcvlwikkantpdgq/SourcePackages/checkouts/GoogleDataTransport
    builtin-infoPlistUtility /Users/tommy/Library/Developer/Xcode/DerivedData/Spoiled-gopgplirjnpgrkcvlwikkantpdgq/Build/Intermediates.noindex/GoogleDataTransport.build/Debug-iphonesimulator/GoogleDataTransport_GoogleDataTransport.build/empty-GoogleDataTransport_GoogleDataTransport.plist -producttype com.apple.product-type.bundle -expandbuildsettings -format binary -platform iphonesimulator -o /Users/tommy/Library/Developer/Xcode/DerivedData/Spoiled-gopgplirjnpgrkcvlwikkantpdgq/Build/Products/Debug-iphonesimulator/GoogleDataTransport_GoogleDataTransport.bundle/Info.plist

ProcessInfoPlistFile /Users/tommy/Library/Developer/Xcode/DerivedData/Spoiled-gopgplirjnpgrkcvlwikkantpdgq/Build/Products/Debug-iphonesimulator/GTMAppAuth_GTMAppAuth.bundle/Info.plist /Users/tommy/Library/Developer/Xcode/DerivedData/Spoiled-gopgplirjnpgrkcvlwikkantpdgq/Build/Intermediates.noindex/GTMAppAuth.build/Debug-iphonesimulator/GTMAppAuth_GTMAppAuth.build/empty-GTMAppAuth_GTMAppAuth.plist (in target 'GTMAppAuth_GTMAppAuth' from project 'GTMAppAuth')
    cd /Users/tommy/Library/Developer/Xcode/DerivedData/Spoiled-gopgplirjnpgrkcvlwikkantpdgq/SourcePackages/checkouts/GTMAppAuth
    builtin-infoPlistUtility /Users/tommy/Library/Developer/Xcode/DerivedData/Spoiled-gopgplirjnpgrkcvlwikkantpdgq/Build/Intermediates.noindex/GTMAppAuth.build/Debug-iphonesimulator/GTMAppAuth_GTMAppAuth.build/empty-GTMAppAuth_GTMAppAuth.plist -producttype com.apple.product-type.bundle -expandbuildsettings -format binary -platform iphonesimulator -o /Users/tommy/Library/Developer/Xcode/DerivedData/Spoiled-gopgplirjnpgrkcvlwikkantpdgq/Build/Products/Debug-iphonesimulator/GTMAppAuth_GTMAppAuth.bundle/Info.plist

ProcessProductPackaging /Users/tommy/dev/spoiled/spoiled-ios/Spoiled/Spoiled.entitlements /Users/tommy/Library/Developer/Xcode/DerivedData/Spoiled-gopgplirjnpgrkcvlwikkantpdgq/Build/Intermediates.noindex/Spoiled.build/Debug-iphonesimulator/Spoiled.build/Spoiled.app.xcent (in target 'Spoiled' from project 'Spoiled')
    cd /Users/tommy/dev/spoiled/spoiled-ios
    
    Entitlements:
    
    {
}
    
    builtin-productPackagingUtility /Users/tommy/dev/spoiled/spoiled-ios/Spoiled/Spoiled.entitlements -entitlements -format xml -o /Users/tommy/Library/Developer/Xcode/DerivedData/Spoiled-gopgplirjnpgrkcvlwikkantpdgq/Build/Intermediates.noindex/Spoiled.build/Debug-iphonesimulator/Spoiled.build/Spoiled.app.xcent

ProcessProductPackaging /Users/tommy/dev/spoiled/spoiled-ios/Spoiled/Spoiled.entitlements /Users/tommy/Library/Developer/Xcode/DerivedData/Spoiled-gopgplirjnpgrkcvlwikkantpdgq/Build/Intermediates.noindex/Spoiled.build/Debug-iphonesimulator/Spoiled.build/Spoiled.app-Simulated.xcent (in target 'Spoiled' from project 'Spoiled')
    cd /Users/tommy/dev/spoiled/spoiled-ios
    
    Entitlements:
    
    {
    "application-identifier" = "VNF829NW96.dev.tomled.Spoiled";
    "com.apple.developer.applesignin" =     (
        Default
    );
}
    
    builtin-productPackagingUtility /Users/tommy/dev/spoiled/spoiled-ios/Spoiled/Spoiled.entitlements -entitlements -format xml -o /Users/tommy/Library/Developer/Xcode/DerivedData/Spoiled-gopgplirjnpgrkcvlwikkantpdgq/Build/Intermediates.noindex/Spoiled.build/Debug-iphonesimulator/Spoiled.build/Spoiled.app-Simulated.xcent

ProcessInfoPlistFile /Users/tommy/Library/Developer/Xcode/DerivedData/Spoiled-gopgplirjnpgrkcvlwikkantpdgq/Build/Products/Debug-iphonesimulator/Firebase_FirebaseInstallations.bundle/Info.plist /Users/tommy/Library/Developer/Xcode/DerivedData/Spoiled-gopgplirjnpgrkcvlwikkantpdgq/Build/Intermediates.noindex/Firebase.build/Debug-iphonesimulator/Firebase_FirebaseInstallations.build/empty-Firebase_FirebaseInstallations.plist (in target 'Firebase_FirebaseInstallations' from project 'Firebase')
    cd /Users/tommy/Library/Developer/Xcode/DerivedData/Spoiled-gopgplirjnpgrkcvlwikkantpdgq/SourcePackages/checkouts/firebase-ios-sdk
    builtin-infoPlistUtility /Users/tommy/Library/Developer/Xcode/DerivedData/Spoiled-gopgplirjnpgrkcvlwikkantpdgq/Build/Intermediates.noindex/Firebase.build/Debug-iphonesimulator/Firebase_FirebaseInstallations.build/empty-Firebase_FirebaseInstallations.plist -producttype com.apple.product-type.bundle -expandbuildsettings -format binary -platform iphonesimulator -o /Users/tommy/Library/Developer/Xcode/DerivedData/Spoiled-gopgplirjnpgrkcvlwikkantpdgq/Build/Products/Debug-iphonesimulator/Firebase_FirebaseInstallations.bundle/Info.plist

ProcessInfoPlistFile /Users/tommy/Library/Developer/Xcode/DerivedData/Spoiled-gopgplirjnpgrkcvlwikkantpdgq/Build/Products/Debug-iphonesimulator/Firebase_FirebaseCrashlyticsSwift.bundle/Info.plist /Users/tommy/Library/Developer/Xcode/DerivedData/Spoiled-gopgplirjnpgrkcvlwikkantpdgq/Build/Intermediates.noindex/Firebase.build/Debug-iphonesimulator/Firebase_FirebaseCrashlyticsSwift.build/empty-Firebase_FirebaseCrashlyticsSwift.plist (in target 'Firebase_FirebaseCrashlyticsSwift' from project 'Firebase')
    cd /Users/tommy/Library/Developer/Xcode/DerivedData/Spoiled-gopgplirjnpgrkcvlwikkantpdgq/SourcePackages/checkouts/firebase-ios-sdk
    builtin-infoPlistUtility /Users/tommy/Library/Developer/Xcode/DerivedData/Spoiled-gopgplirjnpgrkcvlwikkantpdgq/Build/Intermediates.noindex/Firebase.build/Debug-iphonesimulator/Firebase_FirebaseCrashlyticsSwift.build/empty-Firebase_FirebaseCrashlyticsSwift.plist -producttype com.apple.product-type.bundle -expandbuildsettings -format binary -platform iphonesimulator -o /Users/tommy/Library/Developer/Xcode/DerivedData/Spoiled-gopgplirjnpgrkcvlwikkantpdgq/Build/Products/Debug-iphonesimulator/Firebase_FirebaseCrashlyticsSwift.bundle/Info.plist

ProcessInfoPlistFile /Users/tommy/Library/Developer/Xcode/DerivedData/Spoiled-gopgplirjnpgrkcvlwikkantpdgq/Build/Products/Debug-iphonesimulator/Firebase_FirebaseCrashlytics.bundle/Info.plist /Users/tommy/Library/Developer/Xcode/DerivedData/Spoiled-gopgplirjnpgrkcvlwikkantpdgq/Build/Intermediates.noindex/Firebase.build/Debug-iphonesimulator/Firebase_FirebaseCrashlytics.build/empty-Firebase_FirebaseCrashlytics.plist (in target 'Firebase_FirebaseCrashlytics' from project 'Firebase')
    cd /Users/tommy/Library/Developer/Xcode/DerivedData/Spoiled-gopgplirjnpgrkcvlwikkantpdgq/SourcePackages/checkouts/firebase-ios-sdk
    builtin-infoPlistUtility /Users/tommy/Library/Developer/Xcode/DerivedData/Spoiled-gopgplirjnpgrkcvlwikkantpdgq/Build/Intermediates.noindex/Firebase.build/Debug-iphonesimulator/Firebase_FirebaseCrashlytics.build/empty-Firebase_FirebaseCrashlytics.plist -producttype com.apple.product-type.bundle -expandbuildsettings -format binary -platform iphonesimulator -o /Users/tommy/Library/Developer/Xcode/DerivedData/Spoiled-gopgplirjnpgrkcvlwikkantpdgq/Build/Products/Debug-iphonesimulator/Firebase_FirebaseCrashlytics.bundle/Info.plist

ProcessInfoPlistFile /Users/tommy/Library/Developer/Xcode/DerivedData/Spoiled-gopgplirjnpgrkcvlwikkantpdgq/Build/Products/Debug-iphonesimulator/Firebase_FirebaseCoreInternal.bundle/Info.plist /Users/tommy/Library/Developer/Xcode/DerivedData/Spoiled-gopgplirjnpgrkcvlwikkantpdgq/Build/Intermediates.noindex/Firebase.build/Debug-iphonesimulator/Firebase_FirebaseCoreInternal.build/empty-Firebase_FirebaseCoreInternal.plist (in target 'Firebase_FirebaseCoreInternal' from project 'Firebase')
    cd /Users/tommy/Library/Developer/Xcode/DerivedData/Spoiled-gopgplirjnpgrkcvlwikkantpdgq/SourcePackages/checkouts/firebase-ios-sdk
    builtin-infoPlistUtility /Users/tommy/Library/Developer/Xcode/DerivedData/Spoiled-gopgplirjnpgrkcvlwikkantpdgq/Build/Intermediates.noindex/Firebase.build/Debug-iphonesimulator/Firebase_FirebaseCoreInternal.build/empty-Firebase_FirebaseCoreInternal.plist -producttype com.apple.product-type.bundle -expandbuildsettings -format binary -platform iphonesimulator -o /Users/tommy/Library/Developer/Xcode/DerivedData/Spoiled-gopgplirjnpgrkcvlwikkantpdgq/Build/Products/Debug-iphonesimulator/Firebase_FirebaseCoreInternal.bundle/Info.plist

ProcessInfoPlistFile /Users/tommy/Library/Developer/Xcode/DerivedData/Spoiled-gopgplirjnpgrkcvlwikkantpdgq/Build/Products/Debug-iphonesimulator/Firebase_FirebaseCoreExtension.bundle/Info.plist /Users/tommy/Library/Developer/Xcode/DerivedData/Spoiled-gopgplirjnpgrkcvlwikkantpdgq/Build/Intermediates.noindex/Firebase.build/Debug-iphonesimulator/Firebase_FirebaseCoreExtension.build/empty-Firebase_FirebaseCoreExtension.plist (in target 'Firebase_FirebaseCoreExtension' from project 'Firebase')
    cd /Users/tommy/Library/Developer/Xcode/DerivedData/Spoiled-gopgplirjnpgrkcvlwikkantpdgq/SourcePackages/checkouts/firebase-ios-sdk
    builtin-infoPlistUtility /Users/tommy/Library/Developer/Xcode/DerivedData/Spoiled-gopgplirjnpgrkcvlwikkantpdgq/Build/Intermediates.noindex/Firebase.build/Debug-iphonesimulator/Firebase_FirebaseCoreExtension.build/empty-Firebase_FirebaseCoreExtension.plist -producttype com.apple.product-type.bundle -expandbuildsettings -format binary -platform iphonesimulator -o /Users/tommy/Library/Developer/Xcode/DerivedData/Spoiled-gopgplirjnpgrkcvlwikkantpdgq/Build/Products/Debug-iphonesimulator/Firebase_FirebaseCoreExtension.bundle/Info.plist

ProcessInfoPlistFile /Users/tommy/Library/Developer/Xcode/DerivedData/Spoiled-gopgplirjnpgrkcvlwikkantpdgq/Build/Products/Debug-iphonesimulator/Firebase_FirebaseCore.bundle/Info.plist /Users/tommy/Library/Developer/Xcode/DerivedData/Spoiled-gopgplirjnpgrkcvlwikkantpdgq/Build/Intermediates.noindex/Firebase.build/Debug-iphonesimulator/Firebase_FirebaseCore.build/empty-Firebase_FirebaseCore.plist (in target 'Firebase_FirebaseCore' from project 'Firebase')
    cd /Users/tommy/Library/Developer/Xcode/DerivedData/Spoiled-gopgplirjnpgrkcvlwikkantpdgq/SourcePackages/checkouts/firebase-ios-sdk
    builtin-infoPlistUtility /Users/tommy/Library/Developer/Xcode/DerivedData/Spoiled-gopgplirjnpgrkcvlwikkantpdgq/Build/Intermediates.noindex/Firebase.build/Debug-iphonesimulator/Firebase_FirebaseCore.build/empty-Firebase_FirebaseCore.plist -producttype com.apple.product-type.bundle -expandbuildsettings -format binary -platform iphonesimulator -o /Users/tommy/Library/Developer/Xcode/DerivedData/Spoiled-gopgplirjnpgrkcvlwikkantpdgq/Build/Products/Debug-iphonesimulator/Firebase_FirebaseCore.bundle/Info.plist

ProcessInfoPlistFile /Users/tommy/Library/Developer/Xcode/DerivedData/Spoiled-gopgplirjnpgrkcvlwikkantpdgq/Build/Products/Debug-iphonesimulator/Firebase_FirebaseAuth.bundle/Info.plist /Users/tommy/Library/Developer/Xcode/DerivedData/Spoiled-gopgplirjnpgrkcvlwikkantpdgq/Build/Intermediates.noindex/Firebase.build/Debug-iphonesimulator/Firebase_FirebaseAuth.build/empty-Firebase_FirebaseAuth.plist (in target 'Firebase_FirebaseAuth' from project 'Firebase')
    cd /Users/tommy/Library/Developer/Xcode/DerivedData/Spoiled-gopgplirjnpgrkcvlwikkantpdgq/SourcePackages/checkouts/firebase-ios-sdk
    builtin-infoPlistUtility /Users/tommy/Library/Developer/Xcode/DerivedData/Spoiled-gopgplirjnpgrkcvlwikkantpdgq/Build/Intermediates.noindex/Firebase.build/Debug-iphonesimulator/Firebase_FirebaseAuth.build/empty-Firebase_FirebaseAuth.plist -producttype com.apple.product-type.bundle -expandbuildsettings -format binary -platform iphonesimulator -o /Users/tommy/Library/Developer/Xcode/DerivedData/Spoiled-gopgplirjnpgrkcvlwikkantpdgq/Build/Products/Debug-iphonesimulator/Firebase_FirebaseAuth.bundle/Info.plist

ProcessInfoPlistFile /Users/tommy/Library/Developer/Xcode/DerivedData/Spoiled-gopgplirjnpgrkcvlwikkantpdgq/Build/Products/Debug-iphonesimulator/AppAuth_AppAuthCore.bundle/Info.plist /Users/tommy/Library/Developer/Xcode/DerivedData/Spoiled-gopgplirjnpgrkcvlwikkantpdgq/Build/Intermediates.noindex/AppAuth.build/Debug-iphonesimulator/AppAuth_AppAuthCore.build/empty-AppAuth_AppAuthCore.plist (in target 'AppAuth_AppAuthCore' from project 'AppAuth')
    cd /Users/tommy/Library/Developer/Xcode/DerivedData/Spoiled-gopgplirjnpgrkcvlwikkantpdgq/SourcePackages/checkouts/AppAuth-iOS
    builtin-infoPlistUtility /Users/tommy/Library/Developer/Xcode/DerivedData/Spoiled-gopgplirjnpgrkcvlwikkantpdgq/Build/Intermediates.noindex/AppAuth.build/Debug-iphonesimulator/AppAuth_AppAuthCore.build/empty-AppAuth_AppAuthCore.plist -producttype com.apple.product-type.bundle -expandbuildsettings -format binary -platform iphonesimulator -o /Users/tommy/Library/Developer/Xcode/DerivedData/Spoiled-gopgplirjnpgrkcvlwikkantpdgq/Build/Products/Debug-iphonesimulator/AppAuth_AppAuthCore.bundle/Info.plist

ProcessProductPackagingDER /Users/tommy/Library/Developer/Xcode/DerivedData/Spoiled-gopgplirjnpgrkcvlwikkantpdgq/Build/Intermediates.noindex/Spoiled.build/Debug-iphonesimulator/Spoiled.build/Spoiled.app.xcent /Users/tommy/Library/Developer/Xcode/DerivedData/Spoiled-gopgplirjnpgrkcvlwikkantpdgq/Build/Intermediates.noindex/Spoiled.build/Debug-iphonesimulator/Spoiled.build/Spoiled.app.xcent.der (in target 'Spoiled' from project 'Spoiled')
    cd /Users/tommy/dev/spoiled/spoiled-ios
    /usr/bin/derq query -f xml -i /Users/tommy/Library/Developer/Xcode/DerivedData/Spoiled-gopgplirjnpgrkcvlwikkantpdgq/Build/Intermediates.noindex/Spoiled.build/Debug-iphonesimulator/Spoiled.build/Spoiled.app.xcent -o /Users/tommy/Library/Developer/Xcode/DerivedData/Spoiled-gopgplirjnpgrkcvlwikkantpdgq/Build/Intermediates.noindex/Spoiled.build/Debug-iphonesimulator/Spoiled.build/Spoiled.app.xcent.der --raw

ProcessProductPackagingDER /Users/tommy/Library/Developer/Xcode/DerivedData/Spoiled-gopgplirjnpgrkcvlwikkantpdgq/Build/Intermediates.noindex/Spoiled.build/Debug-iphonesimulator/Spoiled.build/Spoiled.app-Simulated.xcent /Users/tommy/Library/Developer/Xcode/DerivedData/Spoiled-gopgplirjnpgrkcvlwikkantpdgq/Build/Intermediates.noindex/Spoiled.build/Debug-iphonesimulator/Spoiled.build/Spoiled.app-Simulated.xcent.der (in target 'Spoiled' from project 'Spoiled')
    cd /Users/tommy/dev/spoiled/spoiled-ios
    /usr/bin/derq query -f xml -i /Users/tommy/Library/Developer/Xcode/DerivedData/Spoiled-gopgplirjnpgrkcvlwikkantpdgq/Build/Intermediates.noindex/Spoiled.build/Debug-iphonesimulator/Spoiled.build/Spoiled.app-Simulated.xcent -o /Users/tommy/Library/Developer/Xcode/DerivedData/Spoiled-gopgplirjnpgrkcvlwikkantpdgq/Build/Intermediates.noindex/Spoiled.build/Debug-iphonesimulator/Spoiled.build/Spoiled.app-Simulated.xcent.der --raw

ProcessInfoPlistFile /Users/tommy/Library/Developer/Xcode/DerivedData/Spoiled-gopgplirjnpgrkcvlwikkantpdgq/Build/Products/Debug-iphonesimulator/AppAuth_AppAuth.bundle/Info.plist /Users/tommy/Library/Developer/Xcode/DerivedData/Spoiled-gopgplirjnpgrkcvlwikkantpdgq/Build/Intermediates.noindex/AppAuth.build/Debug-iphonesimulator/AppAuth_AppAuth.build/empty-AppAuth_AppAuth.plist (in target 'AppAuth_AppAuth' from project 'AppAuth')
    cd /Users/tommy/Library/Developer/Xcode/DerivedData/Spoiled-gopgplirjnpgrkcvlwikkantpdgq/SourcePackages/checkouts/AppAuth-iOS
    builtin-infoPlistUtility /Users/tommy/Library/Developer/Xcode/DerivedData/Spoiled-gopgplirjnpgrkcvlwikkantpdgq/Build/Intermediates.noindex/AppAuth.build/Debug-iphonesimulator/AppAuth_AppAuth.build/empty-AppAuth_AppAuth.plist -producttype com.apple.product-type.bundle -expandbuildsettings -format binary -platform iphonesimulator -o /Users/tommy/Library/Developer/Xcode/DerivedData/Spoiled-gopgplirjnpgrkcvlwikkantpdgq/Build/Products/Debug-iphonesimulator/AppAuth_AppAuth.bundle/Info.plist

SwiftDriver Spoiled normal arm64 com.apple.xcode.tools.swift.compiler (in target 'Spoiled' from project 'Spoiled')
    cd /Users/tommy/dev/spoiled/spoiled-ios
    builtin-SwiftDriver -- /Applications/Xcode.app/Contents/Developer/Toolchains/XcodeDefault.xctoolchain/usr/bin/swiftc -module-name Spoiled -Onone -enforce-exclusivity\=checked @/Users/tommy/Library/Developer/Xcode/DerivedData/Spoiled-gopgplirjnpgrkcvlwikkantpdgq/Build/Intermediates.noindex/Spoiled.build/Debug-iphonesimulator/Spoiled.build/Objects-normal/arm64/Spoiled.SwiftFileList -DDEBUG -Xcc -fmodule-map-file\=/Users/tommy/Library/Developer/Xcode/DerivedData/Spoiled-gopgplirjnpgrkcvlwikkantpdgq/Build/Intermediates.noindex/GeneratedModuleMaps-iphonesimulator/GoogleDataTransport.modulemap -Xcc -fmodule-map-file\=/Users/tommy/Library/Developer/Xcode/DerivedData/Spoiled-gopgplirjnpgrkcvlwikkantpdgq/Build/Intermediates.noindex/GeneratedModuleMaps-iphonesimulator/FirebaseSessionsObjC.modulemap -Xcc -fmodule-map-file\=/Users/tommy/Library/Developer/Xcode/DerivedData/Spoiled-gopgplirjnpgrkcvlwikkantpdgq/Build/Intermediates.noindex/GeneratedModuleMaps-iphonesimulator/FirebaseCrashlytics.modulemap -Xcc -fmodule-map-file\=/Users/tommy/Library/Developer/Xcode/DerivedData/Spoiled-gopgplirjnpgrkcvlwikkantpdgq/Build/Intermediates.noindex/GeneratedModuleMaps-iphonesimulator/AppAuth.modulemap -Xcc -fmodule-map-file\=/Users/tommy/Library/Developer/Xcode/DerivedData/Spoiled-gopgplirjnpgrkcvlwikkantpdgq/Build/Intermediates.noindex/GeneratedModuleMaps-iphonesimulator/AppAuthCore.modulemap -Xcc -fmodule-map-file\=/Users/tommy/Library/Developer/Xcode/DerivedData/Spoiled-gopgplirjnpgrkcvlwikkantpdgq/Build/Intermediates.noindex/GeneratedModuleMaps-iphonesimulator/AppCheckCore.modulemap -Xcc -fmodule-map-file\=/Users/tommy/Library/Developer/Xcode/DerivedData/Spoiled-gopgplirjnpgrkcvlwikkantpdgq/Build/Intermediates.noindex/GeneratedModuleMaps-iphonesimulator/GoogleSignIn.modulemap -Xcc -fmodule-map-file\=/Users/tommy/Library/Developer/Xcode/DerivedData/Spoiled-gopgplirjnpgrkcvlwikkantpdgq/Build/Intermediates.noindex/GeneratedModuleMaps-iphonesimulator/GoogleUtilities-UserDefaults.modulemap -Xcc -fmodule-map-file\=/Users/tommy/Library/Developer/Xcode/DerivedData/Spoiled-gopgplirjnpgrkcvlwikkantpdgq/Build/Intermediates.noindex/GeneratedModuleMaps-iphonesimulator/GoogleAdsOnDeviceConversionTarget.modulemap -Xcc -fmodule-map-file\=/Users/tommy/Library/Developer/Xcode/DerivedData/Spoiled-gopgplirjnpgrkcvlwikkantpdgq/Build/Intermediates.noindex/GeneratedModuleMaps-iphonesimulator/GoogleAppMeasurementTarget.modulemap -Xcc -fmodule-map-file\=/Users/tommy/Library/Developer/Xcode/DerivedData/Spoiled-gopgplirjnpgrkcvlwikkantpdgq/Build/Intermediates.noindex/GeneratedModuleMaps-iphonesimulator/GoogleUtilities-MethodSwizzler.modulemap -Xcc -fmodule-map-file\=/Users/tommy/Library/Developer/Xcode/DerivedData/Spoiled-gopgplirjnpgrkcvlwikkantpdgq/Build/Intermediates.noindex/GeneratedModuleMaps-iphonesimulator/nanopb.modulemap -Xcc -fmodule-map-file\=/Users/tommy/Library/Developer/Xcode/DerivedData/Spoiled-gopgplirjnpgrkcvlwikkantpdgq/Build/Intermediates.noindex/GeneratedModuleMaps-iphonesimulator/FirebaseAnalyticsWrapper.modulemap -Xcc -fmodule-map-file\=/Users/tommy/Library/Developer/Xcode/DerivedData/Spoiled-gopgplirjnpgrkcvlwikkantpdgq/Build/Intermediates.noindex/GeneratedModuleMaps-iphonesimulator/FirebaseInstallations.modulemap -Xcc -fmodule-map-file\=/Users/tommy/Library/Developer/Xcode/DerivedData/Spoiled-gopgplirjnpgrkcvlwikkantpdgq/Build/Intermediates.noindex/GeneratedModuleMaps-iphonesimulator/FirebaseAnalyticsTarget.modulemap -Xcc -fmodule-map-file\=/Users/tommy/Library/Developer/Xcode/DerivedData/Spoiled-gopgplirjnpgrkcvlwikkantpdgq/Build/Intermediates.noindex/GeneratedModuleMaps-iphonesimulator/RecaptchaInterop.modulemap -Xcc -fmodule-map-file\=/Users/tommy/Library/Developer/Xcode/DerivedData/Spoiled-gopgplirjnpgrkcvlwikkantpdgq/Build/Intermediates.noindex/GeneratedModuleMaps-iphonesimulator/GoogleUtilities-Network.modulemap -Xcc -fmodule-map-file\=/Users/tommy/Library/Developer/Xcode/DerivedData/Spoiled-gopgplirjnpgrkcvlwikkantpdgq/Build/Intermediates.noindex/GeneratedModuleMaps-iphonesimulator/GoogleUtilities-Reachability.modulemap -Xcc -fmodule-map-file\=/Users/tommy/Library/Developer/Xcode/DerivedData/Spoiled-gopgplirjnpgrkcvlwikkantpdgq/Build/Intermediates.noindex/GeneratedModuleMaps-iphonesimulator/GoogleUtilities-NSData.modulemap -Xcc -fmodule-map-file\=/Users/tommy/Library/Developer/Xcode/DerivedData/Spoiled-gopgplirjnpgrkcvlwikkantpdgq/Build/Intermediates.noindex/GeneratedModuleMaps-iphonesimulator/GoogleUtilities-Logger.modulemap -Xcc -fmodule-map-file\=/Users/tommy/Library/Developer/Xcode/DerivedData/Spoiled-gopgplirjnpgrkcvlwikkantpdgq/Build/Intermediates.noindex/GeneratedModuleMaps-iphonesimulator/GoogleUtilities-Environment.modulemap -Xcc -fmodule-map-file\=/Users/tommy/Library/Developer/Xcode/DerivedData/Spoiled-gopgplirjnpgrkcvlwikkantpdgq/Build/Intermediates.noindex/GeneratedModuleMaps-iphonesimulator/third-party-IsAppEncrypted.modulemap -Xcc -fmodule-map-file\=/Users/tommy/Library/Developer/Xcode/DerivedData/Spoiled-gopgplirjnpgrkcvlwikkantpdgq/Build/Intermediates.noindex/GeneratedModuleMaps-iphonesimulator/GoogleUtilities-AppDelegateSwizzler.modulemap -Xcc -fmodule-map-file\=/Users/tommy/Library/Developer/Xcode/DerivedData/Spoiled-gopgplirjnpgrkcvlwikkantpdgq/Build/Intermediates.noindex/GeneratedModuleMaps-iphonesimulator/GTMSessionFetcherCore.modulemap -Xcc -fmodule-map-file\=/Users/tommy/Library/Developer/Xcode/DerivedData/Spoiled-gopgplirjnpgrkcvlwikkantpdgq/Build/Intermediates.noindex/GeneratedModuleMaps-iphonesimulator/FirebaseCoreExtension.modulemap -Xcc -fmodule-map-file\=/Users/tommy/Library/Developer/Xcode/DerivedData/Spoiled-gopgplirjnpgrkcvlwikkantpdgq/Build/Intermediates.noindex/GeneratedModuleMaps-iphonesimulator/FirebaseCore.modulemap -Xcc -fmodule-map-file\=/Users/tommy/Library/Developer/Xcode/DerivedData/Spoiled-gopgplirjnpgrkcvlwikkantpdgq/Build/Intermediates.noindex/GeneratedModuleMaps-iphonesimulator/FirebaseAuthInternal.modulemap -Xcc -fmodule-map-file\=/Users/tommy/Library/Developer/Xcode/DerivedData/Spoiled-gopgplirjnpgrkcvlwikkantpdgq/Build/Intermediates.noindex/GeneratedModuleMaps-iphonesimulator/FirebaseAuthInterop.modulemap -Xcc -fmodule-map-file\=/Users/tommy/Library/Developer/Xcode/DerivedData/Spoiled-gopgplirjnpgrkcvlwikkantpdgq/Build/Intermediates.noindex/GeneratedModuleMaps-iphonesimulator/FirebaseAppCheckInterop.modulemap -enable-bare-slash-regex -enable-experimental-feature DebugDescriptionMacro -sdk /Applications/Xcode.app/Contents/Developer/Platforms/iPhoneSimulator.platform/Developer/SDKs/iPhoneSimulator26.2.sdk -target arm64-apple-ios18.2-simulator -g -module-cache-path /Users/tommy/Library/Developer/Xcode/DerivedData/ModuleCache.noindex -Xfrontend -serialize-debugging-options -profile-coverage-mapping -profile-generate -enable-testing -index-store-path /Users/tommy/Library/Developer/Xcode/DerivedData/Spoiled-gopgplirjnpgrkcvlwikkantpdgq/Index.noindex/DataStore -Xcc -D_LIBCPP_HARDENING_MODE\=_LIBCPP_HARDENING_MODE_DEBUG -swift-version 5 -I /Users/tommy/Library/Developer/Xcode/DerivedData/Spoiled-gopgplirjnpgrkcvlwikkantpdgq/Build/Products/Debug-iphonesimulator -F /Users/tommy/Library/Developer/Xcode/DerivedData/Spoiled-gopgplirjnpgrkcvlwikkantpdgq/Build/Products/Debug-iphonesimulator/PackageFrameworks -F /Users/tommy/Library/Developer/Xcode/DerivedData/Spoiled-gopgplirjnpgrkcvlwikkantpdgq/Build/Products/Debug-iphonesimulator/PackageFrameworks -F /Users/tommy/Library/Developer/Xcode/DerivedData/Spoiled-gopgplirjnpgrkcvlwikkantpdgq/Build/Products/Debug-iphonesimulator/PackageFrameworks -F /Users/tommy/Library/Developer/Xcode/DerivedData/Spoiled-gopgplirjnpgrkcvlwikkantpdgq/Build/Products/Debug-iphonesimulator/PackageFrameworks -F /Users/tommy/Library/Developer/Xcode/DerivedData/Spoiled-gopgplirjnpgrkcvlwikkantpdgq/Build/Products/Debug-iphonesimulator/PackageFrameworks -F /Users/tommy/Library/Developer/Xcode/DerivedData/Spoiled-gopgplirjnpgrkcvlwikkantpdgq/Build/Products/Debug-iphonesimulator/PackageFrameworks -F /Users/tommy/Library/Developer/Xcode/DerivedData/Spoiled-gopgplirjnpgrkcvlwikkantpdgq/Build/Products/Debug-iphonesimulator/PackageFrameworks -F /Users/tommy/Library/Developer/Xcode/DerivedData/Spoiled-gopgplirjnpgrkcvlwikkantpdgq/Build/Products/Debug-iphonesimulator/PackageFrameworks -F /Users/tommy/Library/Developer/Xcode/DerivedData/Spoiled-gopgplirjnpgrkcvlwikkantpdgq/Build/Products/Debug-iphonesimulator/PackageFrameworks -F /Users/tommy/Library/Developer/Xcode/DerivedData/Spoiled-gopgplirjnpgrkcvlwikkantpdgq/Build/Products/Debug-iphonesimulator/PackageFrameworks -F /Users/tommy/Library/Developer/Xcode/DerivedData/Spoiled-gopgplirjnpgrkcvlwikkantpdgq/Build/Products/Debug-iphonesimulator/PackageFrameworks -F /Users/tommy/Library/Developer/Xcode/DerivedData/Spoiled-gopgplirjnpgrkcvlwikkantpdgq/Build/Products/Debug-iphonesimulator/PackageFrameworks -F /Users/tommy/Library/Developer/Xcode/DerivedData/Spoiled-gopgplirjnpgrkcvlwikkantpdgq/Build/Products/Debug-iphonesimulator/PackageFrameworks -F /Users/tommy/Library/Developer/Xcode/DerivedData/Spoiled-gopgplirjnpgrkcvlwikkantpdgq/Build/Products/Debug-iphonesimulator/PackageFrameworks -F /Users/tommy/Library/Developer/Xcode/DerivedData/Spoiled-gopgplirjnpgrkcvlwikkantpdgq/Build/Products/Debug-iphonesimulator/PackageFrameworks -F /Users/tommy/Library/Developer/Xcode/DerivedData/Spoiled-gopgplirjnpgrkcvlwikkantpdgq/Build/Products/Debug-iphonesimulator/PackageFrameworks -F /Users/tommy/Library/Developer/Xcode/DerivedData/Spoiled-gopgplirjnpgrkcvlwikkantpdgq/Build/Products/Debug-iphonesimulator/PackageFrameworks -F /Users/tommy/Library/Developer/Xcode/DerivedData/Spoiled-gopgplirjnpgrkcvlwikkantpdgq/Build/Products/Debug-iphonesimulator/PackageFrameworks -F /Users/tommy/Library/Developer/Xcode/DerivedData/Spoiled-gopgplirjnpgrkcvlwikkantpdgq/Build/Products/Debug-iphonesimulator/PackageFrameworks -F /Users/tommy/Library/Developer/Xcode/DerivedData/Spoiled-gopgplirjnpgrkcvlwikkantpdgq/Build/Products/Debug-iphonesimulator/PackageFrameworks -F /Users/tommy/Library/Developer/Xcode/DerivedData/Spoiled-gopgplirjnpgrkcvlwikkantpdgq/Build/Products/Debug-iphonesimulator/PackageFrameworks -F /Users/tommy/Library/Developer/Xcode/DerivedData/Spoiled-gopgplirjnpgrkcvlwikkantpdgq/Build/Products/Debug-iphonesimulator/PackageFrameworks -F /Users/tommy/Library/Developer/Xcode/DerivedData/Spoiled-gopgplirjnpgrkcvlwikkantpdgq/Build/Products/Debug-iphonesimulator/PackageFrameworks -F /Users/tommy/Library/Developer/Xcode/DerivedData/Spoiled-gopgplirjnpgrkcvlwikkantpdgq/Build/Products/Debug-iphonesimulator/PackageFrameworks -F /Users/tommy/Library/Developer/Xcode/DerivedData/Spoiled-gopgplirjnpgrkcvlwikkantpdgq/Build/Products/Debug-iphonesimulator/PackageFrameworks -F /Users/tommy/Library/Developer/Xcode/DerivedData/Spoiled-gopgplirjnpgrkcvlwikkantpdgq/Build/Products/Debug-iphonesimulator/PackageFrameworks -F /Users/tommy/Library/Developer/Xcode/DerivedData/Spoiled-gopgplirjnpgrkcvlwikkantpdgq/Build/Products/Debug-iphonesimulator/PackageFrameworks -F /Users/tommy/Library/Developer/Xcode/DerivedData/Spoiled-gopgplirjnpgrkcvlwikkantpdgq/Build/Products/Debug-iphonesimulator/PackageFrameworks -F /Users/tommy/Library/Developer/Xcode/DerivedData/Spoiled-gopgplirjnpgrkcvlwikkantpdgq/Build/Products/Debug-iphonesimulator/PackageFrameworks -F /Users/tommy/Library/Developer/Xcode/DerivedData/Spoiled-gopgplirjnpgrkcvlwikkantpdgq/Build/Products/Debug-iphonesimulator/PackageFrameworks -F /Users/tommy/Library/Developer/Xcode/DerivedData/Spoiled-gopgplirjnpgrkcvlwikkantpdgq/Build/Products/Debug-iphonesimulator/PackageFrameworks -F /Users/tommy/Library/Developer/Xcode/DerivedData/Spoiled-gopgplirjnpgrkcvlwikkantpdgq/Build/Products/Debug-iphonesimulator/PackageFrameworks -F /Users/tommy/Library/Developer/Xcode/DerivedData/Spoiled-gopgplirjnpgrkcvlwikkantpdgq/Build/Products/Debug-iphonesimulator/PackageFrameworks -F /Users/tommy/Library/Developer/Xcode/DerivedData/Spoiled-gopgplirjnpgrkcvlwikkantpdgq/Build/Products/Debug-iphonesimulator/PackageFrameworks -F /Users/tommy/Library/Developer/Xcode/DerivedData/Spoiled-gopgplirjnpgrkcvlwikkantpdgq/Build/Products/Debug-iphonesimulator/PackageFrameworks -F /Users/tommy/Library/Developer/Xcode/DerivedData/Spoiled-gopgplirjnpgrkcvlwikkantpdgq/Build/Products/Debug-iphonesimulator/PackageFrameworks -F /Users/tommy/Library/Developer/Xcode/DerivedData/Spoiled-gopgplirjnpgrkcvlwikkantpdgq/Build/Products/Debug-iphonesimulator/PackageFrameworks -F /Users/tommy/Library/Developer/Xcode/DerivedData/Spoiled-gopgplirjnpgrkcvlwikkantpdgq/Build/Products/Debug-iphonesimulator/PackageFrameworks -F /Users/tommy/Library/Developer/Xcode/DerivedData/Spoiled-gopgplirjnpgrkcvlwikkantpdgq/Build/Products/Debug-iphonesimulator/PackageFrameworks -F /Users/tommy/Library/Developer/Xcode/DerivedData/Spoiled-gopgplirjnpgrkcvlwikkantpdgq/Build/Products/Debug-iphonesimulator -emit-localized-strings -emit-localized-strings-path /Users/tommy/Library/Developer/Xcode/DerivedData/Spoiled-gopgplirjnpgrkcvlwikkantpdgq/Build/Intermediates.noindex/Spoiled.build/Debug-iphonesimulator/Spoiled.build/Objects-normal/arm64 -c -j8 -enable-batch-mode -incremental -Xcc -ivfsstatcache -Xcc /Users/tommy/Library/Developer/Xcode/DerivedData/SDKStatCaches.noindex/iphonesimulator26.2-23C57-7d00a8b37fbd7999ea79df8ebc024bf0.sdkstatcache -output-file-map /Users/tommy/Library/Developer/Xcode/DerivedData/Spoiled-gopgplirjnpgrkcvlwikkantpdgq/Build/Intermediates.noindex/Spoiled.build/Debug-iphonesimulator/Spoiled.build/Objects-normal/arm64/Spoiled-OutputFileMap.json -use-frontend-parseable-output -save-temps -no-color-diagnostics -explicit-module-build -module-cache-path /Users/tommy/Library/Developer/Xcode/DerivedData/Spoiled-gopgplirjnpgrkcvlwikkantpdgq/Build/Intermediates.noindex/SwiftExplicitPrecompiledModules -clang-scanner-module-cache-path /Users/tommy/Library/Developer/Xcode/DerivedData/ModuleCache.noindex -sdk-module-cache-path /Users/tommy/Library/Developer/Xcode/DerivedData/ModuleCache.noindex -serialize-diagnostics -emit-dependencies -emit-module -emit-module-path /Users/tommy/Library/Developer/Xcode/DerivedData/Spoiled-gopgplirjnpgrkcvlwikkantpdgq/Build/Intermediates.noindex/Spoiled.build/Debug-iphonesimulator/Spoiled.build/Objects-normal/arm64/Spoiled.swiftmodule -validate-clang-modules-once -clang-build-session-file /Users/tommy/Library/Developer/Xcode/DerivedData/ModuleCache.noindex/Session.modulevalidation -Xcc -I/Users/tommy/Library/Developer/Xcode/DerivedData/Spoiled-gopgplirjnpgrkcvlwikkantpdgq/Build/Intermediates.noindex/Spoiled.build/Debug-iphonesimulator/Spoiled.build/swift-overrides.hmap -emit-const-values -Xfrontend -const-gather-protocols-file -Xfrontend /Users/tommy/Library/Developer/Xcode/DerivedData/Spoiled-gopgplirjnpgrkcvlwikkantpdgq/Build/Intermediates.noindex/Spoiled.build/Debug-iphonesimulator/Spoiled.build/Objects-normal/arm64/Spoiled_const_extract_protocols.json -Xcc -iquote -Xcc /Users/tommy/Library/Developer/Xcode/DerivedData/Spoiled-gopgplirjnpgrkcvlwikkantpdgq/Build/Intermediates.noindex/Spoiled.build/Debug-iphonesimulator/Spoiled.build/Spoiled-generated-files.hmap -Xcc -I/Users/tommy/Library/Developer/Xcode/DerivedData/Spoiled-gopgplirjnpgrkcvlwikkantpdgq/Build/Intermediates.noindex/Spoiled.build/Debug-iphonesimulator/Spoiled.build/Spoiled-own-target-headers.hmap -Xcc -I/Users/tommy/Library/Developer/Xcode/DerivedData/Spoiled-gopgplirjnpgrkcvlwikkantpdgq/Build/Intermediates.noindex/Spoiled.build/Debug-iphonesimulator/Spoiled.build/Spoiled-all-non-framework-target-headers.hmap -Xcc -ivfsoverlay -Xcc /Users/tommy/Library/Developer/Xcode/DerivedData/Spoiled-gopgplirjnpgrkcvlwikkantpdgq/Build/Intermediates.noindex/Spoiled.build/Debug-iphonesimulator/Spoiled-eecf69172c53115b02dbcd00b36ddcb5-VFS-iphonesimulator/all-product-headers.yaml -Xcc -iquote -Xcc /Users/tommy/Library/Developer/Xcode/DerivedData/Spoiled-gopgplirjnpgrkcvlwikkantpdgq/Build/Intermediates.noindex/Spoiled.build/Debug-iphonesimulator/Spoiled.build/Spoiled-project-headers.hmap -Xcc -I/Users/tommy/Library/Developer/Xcode/DerivedData/Spoiled-gopgplirjnpgrkcvlwikkantpdgq/SourcePackages/checkouts/GoogleDataTransport/GoogleDataTransport/GDTCORLibrary/Public -Xcc -I/Users/tommy/Library/Developer/Xcode/DerivedData/Spoiled-gopgplirjnpgrkcvlwikkantpdgq/SourcePackages/checkouts/firebase-ios-sdk/FirebaseSessions/SourcesObjC -Xcc -I/Users/tommy/Library/Developer/Xcode/DerivedData/Spoiled-gopgplirjnpgrkcvlwikkantpdgq/SourcePackages/checkouts/firebase-ios-sdk/Crashlytics/Crashlytics/Public -Xcc -I/Users/tommy/Library/Developer/Xcode/DerivedData/Spoiled-gopgplirjnpgrkcvlwikkantpdgq/SourcePackages/checkouts/AppAuth-iOS/Sources/AppAuth -Xcc -I/Users/tommy/Library/Developer/Xcode/DerivedData/Spoiled-gopgplirjnpgrkcvlwikkantpdgq/SourcePackages/checkouts/AppAuth-iOS/Sources/AppAuthCore -Xcc -I/Users/tommy/Library/Developer/Xcode/DerivedData/Spoiled-gopgplirjnpgrkcvlwikkantpdgq/SourcePackages/checkouts/app-check/AppCheckCore/Sources/Public -Xcc -I/Users/tommy/Library/Developer/Xcode/DerivedData/Spoiled-gopgplirjnpgrkcvlwikkantpdgq/SourcePackages/checkouts/GoogleSignIn-iOS/GoogleSignIn/Sources/Public -Xcc -I/Users/tommy/Library/Developer/Xcode/DerivedData/Spoiled-gopgplirjnpgrkcvlwikkantpdgq/SourcePackages/checkouts/promises/Sources/FBLPromises/include -Xcc -I/Users/tommy/Library/Developer/Xcode/DerivedData/Spoiled-gopgplirjnpgrkcvlwikkantpdgq/SourcePackages/checkouts/GoogleUtilities/GoogleUtilities/UserDefaults/Public -Xcc -I/Users/tommy/Library/Developer/Xcode/DerivedData/Spoiled-gopgplirjnpgrkcvlwikkantpdgq/SourcePackages/checkouts/google-ads-on-device-conversion-ios-sdk/GoogleAdsOnDeviceConversionWrapper/include -Xcc -I/Users/tommy/Library/Developer/Xcode/DerivedData/Spoiled-gopgplirjnpgrkcvlwikkantpdgq/SourcePackages/checkouts/GoogleAppMeasurement/GoogleAppMeasurementWrapper/include -Xcc -I/Users/tommy/Library/Developer/Xcode/DerivedData/Spoiled-gopgplirjnpgrkcvlwikkantpdgq/SourcePackages/checkouts/GoogleUtilities/GoogleUtilities/MethodSwizzler/Public -Xcc -I/Users/tommy/Library/Developer/Xcode/DerivedData/Spoiled-gopgplirjnpgrkcvlwikkantpdgq/SourcePackages/checkouts/nanopb/spm_headers -Xcc -I/Users/tommy/Library/Developer/Xcode/DerivedData/Spoiled-gopgplirjnpgrkcvlwikkantpdgq/SourcePackages/checkouts/firebase-ios-sdk/FirebaseAnalyticsWrapper/include -Xcc -I/Users/tommy/Library/Developer/Xcode/DerivedData/Spoiled-gopgplirjnpgrkcvlwikkantpdgq/SourcePackages/checkouts/firebase-ios-sdk/FirebaseInstallations/Source/Library/Public -Xcc -I/Users/tommy/Library/Developer/Xcode/DerivedData/Spoiled-gopgplirjnpgrkcvlwikkantpdgq/SourcePackages/checkouts/firebase-ios-sdk/SwiftPM-PlatformExclude/FirebaseAnalyticsWrap/include -Xcc -I/Users/tommy/Library/Developer/Xcode/DerivedData/Spoiled-gopgplirjnpgrkcvlwikkantpdgq/SourcePackages/checkouts/interop-ios-for-google-sdks/RecaptchaEnterprise/RecaptchaInterop/Public -Xcc -I/Users/tommy/Library/Developer/Xcode/DerivedData/Spoiled-gopgplirjnpgrkcvlwikkantpdgq/SourcePackages/checkouts/GoogleUtilities/GoogleUtilities/Network/Public -Xcc -I/Users/tommy/Library/Developer/Xcode/DerivedData/Spoiled-gopgplirjnpgrkcvlwikkantpdgq/SourcePackages/checkouts/GoogleUtilities/GoogleUtilities/Reachability/Public -Xcc -I/Users/tommy/Library/Developer/Xcode/DerivedData/Spoiled-gopgplirjnpgrkcvlwikkantpdgq/SourcePackages/checkouts/GoogleUtilities/GoogleUtilities/NSData+zlib/Public -Xcc -I/Users/tommy/Library/Developer/Xcode/DerivedData/Spoiled-gopgplirjnpgrkcvlwikkantpdgq/SourcePackages/checkouts/GoogleUtilities/GoogleUtilities/Logger/Public -Xcc -I/Users/tommy/Library/Developer/Xcode/DerivedData/Spoiled-gopgplirjnpgrkcvlwikkantpdgq/SourcePackages/checkouts/GoogleUtilities/GoogleUtilities/Environment/Public -Xcc -I/Users/tommy/Library/Developer/Xcode/DerivedData/Spoiled-gopgplirjnpgrkcvlwikkantpdgq/SourcePackages/checkouts/GoogleUtilities/third_party/IsAppEncrypted/Public -Xcc -I/Users/tommy/Library/Developer/Xcode/DerivedData/Spoiled-gopgplirjnpgrkcvlwikkantpdgq/SourcePackages/checkouts/GoogleUtilities/GoogleUtilities/AppDelegateSwizzler/Public -Xcc -I/Users/tommy/Library/Developer/Xcode/DerivedData/Spoiled-gopgplirjnpgrkcvlwikkantpdgq/SourcePackages/checkouts/gtm-session-fetcher/Sources/Core/Public -Xcc -I/Users/tommy/Library/Developer/Xcode/DerivedData/Spoiled-gopgplirjnpgrkcvlwikkantpdgq/SourcePackages/checkouts/firebase-ios-sdk/FirebaseCore/Extension -Xcc -I/Users/tommy/Library/Developer/Xcode/DerivedData/Spoiled-gopgplirjnpgrkcvlwikkantpdgq/SourcePackages/checkouts/firebase-ios-sdk/FirebaseCore/Sources/Public -Xcc -I/Users/tommy/Library/Developer/Xcode/DerivedData/Spoiled-gopgplirjnpgrkcvlwikkantpdgq/SourcePackages/checkouts/firebase-ios-sdk/CoreOnly/Sources -Xcc -I/Users/tommy/Library/Developer/Xcode/DerivedData/Spoiled-gopgplirjnpgrkcvlwikkantpdgq/SourcePackages/checkouts/firebase-ios-sdk/FirebaseAuth/Sources/Public -Xcc -I/Users/tommy/Library/Developer/Xcode/DerivedData/Spoiled-gopgplirjnpgrkcvlwikkantpdgq/SourcePackages/checkouts/firebase-ios-sdk/FirebaseAuth/Interop/Public -Xcc -I/Users/tommy/Library/Developer/Xcode/DerivedData/Spoiled-gopgplirjnpgrkcvlwikkantpdgq/SourcePackages/checkouts/firebase-ios-sdk/FirebaseAppCheck/Interop/Public -Xcc -I/Users/tommy/Library/Developer/Xcode/DerivedData/Spoiled-gopgplirjnpgrkcvlwikkantpdgq/Build/Products/Debug-iphonesimulator/include -Xcc -I/Users/tommy/Library/Developer/Xcode/DerivedData/Spoiled-gopgplirjnpgrkcvlwikkantpdgq/Build/Intermediates.noindex/Spoiled.build/Debug-iphonesimulator/Spoiled.build/DerivedSources-normal/arm64 -Xcc -I/Users/tommy/Library/Developer/Xcode/DerivedData/Spoiled-gopgplirjnpgrkcvlwikkantpdgq/Build/Intermediates.noindex/Spoiled.build/Debug-iphonesimulator/Spoiled.build/DerivedSources/arm64 -Xcc -I/Users/tommy/Library/Developer/Xcode/DerivedData/Spoiled-gopgplirjnpgrkcvlwikkantpdgq/Build/Intermediates.noindex/Spoiled.build/Debug-iphonesimulator/Spoiled.build/DerivedSources -Xcc -DDEBUG\=1 -emit-objc-header -emit-objc-header-path /Users/tommy/Library/Developer/Xcode/DerivedData/Spoiled-gopgplirjnpgrkcvlwikkantpdgq/Build/Intermediates.noindex/Spoiled.build/Debug-iphonesimulator/Spoiled.build/Objects-normal/arm64/Spoiled-Swift.h -working-directory /Users/tommy/dev/spoiled/spoiled-ios -experimental-emit-module-separately -disable-cmo
/Users/tommy/dev/spoiled/spoiled-ios/Spoiled/Views/GroupsView.swift:421:1: error: extraneous '}' at top level
}
^
/Users/tommy/dev/spoiled/spoiled-ios/Spoiled/Views/GroupsView.swift:422:1: error: expressions are not allowed at the top level
ue = value }
^
/Users/tommy/dev/spoiled/spoiled-ios/Spoiled/Views/GroupsView.swift:422:12: error: extraneous '}' at top level
ue = value }
           ^
           
/Users/tommy/dev/spoiled/spoiled-ios/Spoiled/Views/GroupsView.swift:423:1: error: extraneous '}' at top level
}
^
/Users/tommy/dev/spoiled/spoiled-ios/Spoiled/Views/GroupsView.swift:421:1: error: Extraneous '}' at top level
}
^ (in target 'Spoiled' from project 'Spoiled')
/Users/tommy/dev/spoiled/spoiled-ios/Spoiled/Views/GroupsView.swift:422:1: error: Expressions are not allowed at the top level
ue = value }
^ (in target 'Spoiled' from project 'Spoiled')
/Users/tommy/dev/spoiled/spoiled-ios/Spoiled/Views/GroupsView.swift:422:12: error: Extraneous '}' at top level
ue = value }
           ^
            (in target 'Spoiled' from project 'Spoiled')
/Users/tommy/dev/spoiled/spoiled-ios/Spoiled/Views/GroupsView.swift:423:1: error: Extraneous '}' at top level
}
^ (in target 'Spoiled' from project 'Spoiled')

CompileAssetCatalogVariant thinned /Users/tommy/Library/Developer/Xcode/DerivedData/Spoiled-gopgplirjnpgrkcvlwikkantpdgq/Build/Products/Debug-iphonesimulator/Spoiled.app /Users/tommy/dev/spoiled/spoiled-ios/Spoiled/Preview\ Content/Preview\ Assets.xcassets /Users/tommy/dev/spoiled/spoiled-ios/Spoiled/Assets.xcassets (in target 'Spoiled' from project 'Spoiled')
    cd /Users/tommy/dev/spoiled/spoiled-ios
    /Applications/Xcode.app/Contents/Developer/usr/bin/actool /Users/tommy/dev/spoiled/spoiled-ios/Spoiled/Preview\ Content/Preview\ Assets.xcassets /Users/tommy/dev/spoiled/spoiled-ios/Spoiled/Assets.xcassets --compile /Users/tommy/Library/Developer/Xcode/DerivedData/Spoiled-gopgplirjnpgrkcvlwikkantpdgq/Build/Intermediates.noindex/Spoiled.build/Debug-iphonesimulator/Spoiled.build/assetcatalog_output/thinned --output-format human-readable-text --notices --warnings --export-dependency-info /Users/tommy/Library/Developer/Xcode/DerivedData/Spoiled-gopgplirjnpgrkcvlwikkantpdgq/Build/Intermediates.noindex/Spoiled.build/Debug-iphonesimulator/Spoiled.build/assetcatalog_dependencies_thinned --output-partial-info-plist /Users/tommy/Library/Developer/Xcode/DerivedData/Spoiled-gopgplirjnpgrkcvlwikkantpdgq/Build/Intermediates.noindex/Spoiled.build/Debug-iphonesimulator/Spoiled.build/assetcatalog_generated_info.plist_thinned --app-icon AppIcon --accent-color AccentColor --compress-pngs --enable-on-demand-resources YES --filter-for-thinning-device-configuration iPhone18,3 --filter-for-device-os-version 26.3.1 --development-region en --target-device iphone --target-device ipad --minimum-deployment-target 18.2 --platform iphonesimulator

** BUILD FAILED **


The following build commands failed:
	SwiftDriver Spoiled normal arm64 com.apple.xcode.tools.swift.compiler (in target 'Spoiled' from project 'Spoiled')
	Building project Spoiled with scheme Spoiled
(2 failures)
